mode: set
mashed/app.go:85.26,88.2 2 0
mashed/app.go:91.26,94.2 2 0
mashed/app.go:97.32,99.16 2 0
mashed/app.go:99.16,101.3 1 0
mashed/app.go:102.2,104.12 3 0
mashed/app.go:108.41,110.47 2 0
mashed/app.go:110.47,112.3 1 0
mashed/app.go:113.2,114.16 2 0
mashed/app.go:114.16,116.3 1 0
mashed/app.go:117.2,117.47 1 0
mashed/app.go:121.20,129.2 2 0
mashed/app.go:132.44,139.46 3 0
mashed/app.go:139.46,141.3 1 0
mashed/app.go:146.2,150.22 3 0
mashed/app.go:150.22,152.52 2 0
mashed/app.go:152.52,154.4 1 0
mashed/app.go:158.2,161.16 4 0
mashed/app.go:161.16,163.3 1 0
mashed/app.go:163.8,165.83 2 0
mashed/app.go:165.83,167.4 1 0
mashed/app.go:172.45,173.21 1 0
mashed/app.go:173.21,175.3 1 0
mashed/app.go:176.2,176.22 1 0
mashed/app.go:176.22,178.3 1 0
mashed/app.go:179.2,179.21 1 0
mashed/app.go:179.21,181.3 1 0
mashed/app.go:187.47,192.16 2 0
mashed/app.go:192.16,194.3 1 0
mashed/app.go:195.2,195.17 1 0
mashed/app.go:200.61,205.2 4 1
mashed/app.go:207.75,208.20 1 1
mashed/app.go:208.20,210.3 1 1
mashed/app.go:212.2,213.57 2 1
mashed/app.go:213.57,215.3 1 0
mashed/app.go:217.2,217.72 1 1
mashed/app.go:217.72,219.3 1 0
mashed/app.go:221.2,225.16 4 1
mashed/app.go:225.16,227.3 1 1
mashed/app.go:229.2,230.34 2 1
mashed/app.go:230.34,232.58 2 1
mashed/app.go:232.58,234.4 1 1
mashed/app.go:235.3,235.50 1 0
mashed/app.go:238.2,238.21 1 1
mashed/app.go:238.21,241.3 2 0
mashed/app.go:242.2,242.18 1 1
mashed/app.go:246.57,249.51 3 1
mashed/app.go:249.51,251.3 1 0
mashed/app.go:252.2,252.46 1 1
mashed/app.go:252.46,254.3 1 1
mashed/app.go:255.2,256.16 2 1
mashed/app.go:256.16,258.3 1 0
mashed/app.go:259.2,260.67 2 1
mashed/app.go:260.67,262.3 1 0
mashed/app.go:263.2,264.12 2 1
mashed/app.go:268.43,269.15 1 0
mashed/app.go:269.15,271.3 1 0
mashed/app.go:273.2,274.16 2 0
mashed/app.go:274.16,276.3 1 0
mashed/app.go:277.2,277.19 1 0
mashed/app.go:277.19,279.3 1 0
mashed/app.go:282.2,285.40 4 0
mashed/app.go:285.40,288.3 2 0
mashed/app.go:288.8,290.3 1 0
mashed/app.go:292.2,292.28 1 0
mashed/app.go:296.34,298.2 1 0
mashed/app.go:301.40,303.2 1 0
mashed/app.go:306.41,312.2 5 0
mashed/app.go:315.53,321.2 5 0
mashed/app.go:324.52,330.2 5 0
mashed/app.go:333.43,339.2 5 0
mashed/app.go:343.39,345.16 2 0
mashed/app.go:345.16,347.3 1 0
mashed/app.go:348.2,348.21 1 0
mashed/app.go:352.60,358.56 4 0
mashed/app.go:358.56,360.3 1 0
mashed/app.go:362.2,365.47 3 0
mashed/app.go:365.47,367.3 1 0
mashed/app.go:368.2,369.16 2 0
mashed/app.go:369.16,371.3 1 0
mashed/app.go:372.2,372.47 1 0
mashed/app.go:376.44,381.56 4 0
mashed/app.go:381.56,383.3 1 0
mashed/app.go:385.2,388.16 3 0
mashed/app.go:388.16,390.3 1 0
mashed/app.go:391.2,391.47 1 0
mashed/app.go:395.61,401.2 5 0
mashed/app.go:404.37,406.2 1 0
mashed/app.go:409.34,411.30 2 0
mashed/app.go:411.30,413.93 2 0
mashed/app.go:413.93,415.4 1 0
mashed/app.go:417.2,417.19 1 0
mashed/app.go:417.19,419.3 1 0
mashed/app.go:420.2,420.20 1 0
mashed/app.go:424.41,425.15 1 0
mashed/app.go:425.15,427.3 1 0
mashed/app.go:428.2,428.27 1 0
mashed/app_bmad.go:13.63,14.26 1 0
mashed/app_bmad.go:14.26,16.3 1 0
mashed/app_bmad.go:17.2,17.38 1 0
mashed/app_bmad.go:21.68,22.26 1 0
mashed/app_bmad.go:22.26,24.3 1 0
mashed/app_bmad.go:25.2,25.39 1 0
mashed/app_bmad.go:29.59,30.26 1 0
mashed/app_bmad.go:30.26,32.3 1 0
mashed/app_bmad.go:33.2,33.39 1 0
mashed/app_bmad.go:37.51,38.26 1 0
mashed/app_bmad.go:38.26,40.3 1 0
mashed/app_bmad.go:41.2,41.41 1 0
mashed/app_bmad.go:47.52,49.2 1 0
mashed/app_bmad.go:52.71,54.2 1 0
mashed/app_bmad.go:57.84,58.26 1 0
mashed/app_bmad.go:58.26,60.3 1 0
mashed/app_bmad.go:61.2,61.52 1 0
mashed/app_bmad.go:67.54,69.2 1 0
mashed/app_bmad.go:72.89,73.26 1 0
mashed/app_bmad.go:73.26,75.3 1 0
mashed/app_bmad.go:77.2,79.44 3 0
mashed/app_bmad.go:79.44,80.25 1 0
mashed/app_bmad.go:80.25,83.9 3 0
mashed/app_bmad.go:86.2,86.12 1 0
mashed/app_bmad.go:86.12,88.3 1 0
mashed/app_bmad.go:90.2,106.55 6 0
mashed/app_bmad.go:106.55,108.3 1 0
mashed/app_bmad.go:109.2,109.16 1 0
mashed/app_bmad.go:115.75,117.2 1 0
mashed/app_bmad.go:120.76,122.2 1 0
mashed/app_bmad.go:127.85,128.27 1 0
mashed/app_bmad.go:128.27,130.3 1 0
mashed/app_bmad.go:131.2,132.16 2 0
mashed/app_bmad.go:132.16,134.3 1 0
mashed/app_bmad.go:135.2,135.21 1 0
mashed/app_bmad.go:139.54,140.27 1 0
mashed/app_bmad.go:140.27,142.3 1 0
mashed/app_bmad.go:143.2,143.45 1 0
mashed/app_bmad.go:147.55,148.27 1 0
mashed/app_bmad.go:148.27,150.3 1 0
mashed/app_bmad.go:151.2,151.46 1 0
mashed/app_bmad.go:155.53,156.27 1 0
mashed/app_bmad.go:156.27,158.3 1 0
mashed/app_bmad.go:159.2,159.44 1 0
mashed/app_bmad.go:163.80,164.27 1 0
mashed/app_bmad.go:164.27,166.3 1 0
mashed/app_bmad.go:167.2,167.44 1 0
mashed/app_bmad.go:173.64,174.26 1 0
mashed/app_bmad.go:174.26,176.3 1 0
mashed/app_bmad.go:177.2,177.35 1 0
mashed/app_bmad.go:181.63,182.26 1 0
mashed/app_bmad.go:182.26,184.3 1 0
mashed/app_bmad.go:185.2,185.39 1 0
mashed/app_bmad.go:189.48,190.26 1 0
mashed/app_bmad.go:190.26,192.3 1 0
mashed/app_bmad.go:193.2,193.38 1 0
mashed/app_bmad.go:199.49,201.2 1 0
mashed/app_bmad.go:206.68,207.27 1 0
mashed/app_bmad.go:207.27,209.3 1 0
mashed/app_bmad.go:210.2,211.16 2 0
mashed/app_bmad.go:211.16,213.3 1 0
mashed/app_bmad.go:214.2,214.38 1 0
mashed/app_bmad.go:219.86,221.2 1 0
mashed/app_bmad.go:224.63,232.2 1 0
mashed/app_explain.go:8.84,10.2 1 0
mashed/app_explain.go:13.41,16.2 2 0
mashed/app_git.go:42.69,43.20 1 0
mashed/app_git.go:43.20,45.3 1 0
mashed/app_git.go:46.2,49.47 3 0
mashed/app_git.go:49.47,51.3 1 0
mashed/app_git.go:53.2,53.46 1 0
mashed/app_git.go:53.46,55.3 1 0
mashed/app_git.go:57.2,57.20 1 0
mashed/app_git.go:61.46,62.26 1 0
mashed/app_git.go:62.26,64.3 1 0
mashed/app_git.go:65.2,66.16 2 0
mashed/app_git.go:66.16,68.3 1 0
mashed/app_git.go:69.2,70.26 2 0
mashed/app_git.go:70.26,76.3 1 0
mashed/app_git.go:77.2,77.16 1 0
mashed/app_git.go:82.72,83.56 1 0
mashed/app_git.go:83.56,90.3 1 0
mashed/app_git.go:92.2,92.12 1 0
mashed/app_git.go:92.12,94.55 1 0
mashed/app_git.go:94.55,97.4 2 0
mashed/app_git.go:98.3,98.21 1 0
mashed/app_git.go:98.21,101.4 2 0
mashed/app_git.go:102.3,103.47 2 0
mashed/app_git.go:103.47,106.4 2 0
mashed/app_git.go:109.3,110.98 2 0
mashed/app_git.go:110.98,113.4 2 0
mashed/app_git.go:116.3,117.15 2 0
mashed/app_git.go:117.15,119.4 1 0
mashed/app_git.go:120.3,123.53 4 0
mashed/app_git.go:123.53,126.4 2 0
mashed/app_git.go:129.3,129.18 1 0
mashed/app_git.go:129.18,132.18 3 0
mashed/app_git.go:132.18,134.5 1 0
mashed/app_git.go:134.10,137.57 3 0
mashed/app_git.go:137.57,139.6 1 0
mashed/app_git.go:139.11,141.6 1 0
mashed/app_git.go:146.3,148.54 3 0
mashed/app_git.go:148.54,150.4 1 0
mashed/app_git.go:150.9,152.58 2 0
mashed/app_git.go:152.58,154.5 1 0
mashed/app_git.go:154.10,156.5 1 0
mashed/app_git.go:160.3,160.27 1 0
mashed/app_git.go:160.27,162.62 2 0
mashed/app_git.go:162.62,164.5 1 0
mashed/app_git.go:167.3,167.82 1 0
mashed/app_git.go:172.70,175.16 3 0
mashed/app_git.go:175.16,177.3 1 0
mashed/app_git.go:179.2,180.75 2 0
mashed/app_git.go:180.75,181.17 1 0
mashed/app_git.go:181.17,182.12 1 0
mashed/app_git.go:184.3,190.5 4 0
mashed/app_git.go:192.2,192.22 1 0
mashed/app_git.go:196.79,197.36 1 0
mashed/app_git.go:197.36,199.3 1 0
mashed/app_git.go:201.2,201.16 1 0
mashed/app_git.go:201.16,202.50 1 0
mashed/app_git.go:202.50,203.59 1 0
mashed/app_git.go:203.59,205.5 1 0
mashed/app_git.go:209.2,210.50 2 0
mashed/app_git.go:210.50,212.3 1 0
mashed/app_git.go:213.2,213.12 1 0
mashed/app_git.go:218.85,219.34 1 0
mashed/app_git.go:219.34,221.3 1 0
mashed/app_git.go:223.2,224.18 2 0
mashed/app_git.go:224.18,226.3 1 0
mashed/app_git.go:229.2,229.16 1 0
mashed/app_git.go:229.16,230.50 1 0
mashed/app_git.go:230.50,232.59 1 0
mashed/app_git.go:232.59,234.5 1 0
mashed/app_git.go:239.2,240.50 2 0
mashed/app_git.go:240.50,242.3 1 0
mashed/app_git.go:244.2,244.12 1 0
mashed/app_git.go:248.58,253.64 3 0
mashed/app_git.go:253.64,255.3 1 0
mashed/app_git.go:258.2,260.16 3 0
mashed/app_git.go:260.16,269.47 4 0
mashed/app_git.go:269.47,271.35 2 0
mashed/app_git.go:271.35,275.5 3 0
mashed/app_git.go:279.3,281.49 2 0
mashed/app_git.go:281.49,283.23 2 0
mashed/app_git.go:283.23,289.5 5 0
mashed/app_git.go:293.3,298.100 3 0
mashed/app_git.go:298.100,300.4 1 0
mashed/app_git.go:303.2,303.15 1 0
mashed/app_git.go:309.100,310.40 1 0
mashed/app_git.go:310.40,311.24 1 0
mashed/app_git.go:311.24,313.4 1 0
mashed/app_git.go:317.2,319.53 3 0
mashed/app_git.go:319.53,321.3 1 0
mashed/app_git.go:322.2,327.39 4 0
mashed/app_git.go:327.39,329.3 1 0
mashed/app_git.go:330.2,337.26 6 0
mashed/app_git.go:337.26,339.3 1 0
mashed/app_git.go:342.2,347.35 6 0
mashed/app_git.go:347.35,351.57 2 0
mashed/app_git.go:351.57,353.4 1 0
mashed/app_git.go:354.3,354.55 1 0
mashed/app_git.go:355.8,357.3 1 0
mashed/app_git.go:360.2,362.56 3 0
mashed/app_git.go:362.56,364.3 1 0
mashed/app_git.go:366.2,366.23 1 0
mashed/app_git.go:371.58,373.2 1 0
mashed/app_git.go:378.51,379.68 1 0
mashed/app_git.go:379.68,388.3 1 0
mashed/app_git.go:390.2,390.12 1 0
mashed/app_git.go:390.12,391.67 1 0
mashed/app_git.go:391.67,393.4 1 0
mashed/app_git.go:394.3,394.17 1 0
mashed/app_git.go:394.17,398.53 2 0
mashed/app_git.go:398.53,401.5 2 0
mashed/app_git.go:404.4,411.59 5 0
mashed/app_git.go:411.59,413.5 1 0
mashed/app_git.go:415.4,416.10 2 0
mashed/app_git.go:419.3,419.39 1 0
mashed/app_git.go:425.65,427.16 2 0
mashed/app_git.go:427.16,429.3 1 0
mashed/app_git.go:432.2,433.54 2 0
mashed/app_git.go:433.54,435.3 1 0
mashed/app_git.go:437.2,437.17 1 0
mashed/app_git.go:443.56,444.20 1 0
mashed/app_git.go:444.20,446.3 1 0
mashed/app_git.go:448.2,450.16 3 0
mashed/app_git.go:450.16,455.44 2 0
mashed/app_git.go:455.44,457.4 1 0
mashed/app_git.go:458.3,458.58 1 0
mashed/app_git.go:460.2,460.18 1 0
mashed/app_git.go:465.61,466.20 1 0
mashed/app_git.go:466.20,468.3 1 0
mashed/app_git.go:470.2,472.16 3 0
mashed/app_git.go:472.16,474.3 1 0
mashed/app_git.go:475.2,475.44 1 0
mashed/app_git.go:479.56,480.20 1 0
mashed/app_git.go:480.20,482.3 1 0
mashed/app_git.go:483.2,485.16 3 0
mashed/app_git.go:485.16,487.3 1 0
mashed/app_git.go:488.2,488.44 1 0
mashed/app_git.go:494.92,495.42 1 0
mashed/app_git.go:495.42,497.3 1 0
mashed/app_git.go:500.2,502.16 3 0
mashed/app_git.go:502.16,504.3 1 0
mashed/app_git.go:505.2,507.34 2 0
mashed/app_git.go:507.34,509.3 1 0
mashed/app_git.go:512.2,512.16 1 0
mashed/app_git.go:512.16,513.50 1 0
mashed/app_git.go:513.50,514.59 1 0
mashed/app_git.go:514.59,516.5 1 0
mashed/app_git.go:521.2,522.58 2 0
mashed/app_git.go:522.58,524.3 1 0
mashed/app_git.go:527.2,529.21 3 0
mashed/app_git.go:529.21,534.3 3 0
mashed/app_git.go:536.2,536.74 1 0
mashed/app_git.go:541.67,543.16 2 0
mashed/app_git.go:543.16,545.3 1 0
mashed/app_git.go:548.2,550.16 3 0
mashed/app_git.go:550.16,552.3 1 0
mashed/app_git.go:553.2,557.55 3 0
mashed/app_git.go:557.55,559.28 2 0
mashed/app_git.go:559.28,561.9 2 0
mashed/app_git.go:564.2,564.22 1 0
mashed/app_git.go:564.22,566.3 1 0
mashed/app_git.go:568.2,571.27 4 0
mashed/app_git.go:571.27,573.3 1 0
mashed/app_git.go:576.2,588.32 6 0
mashed/app_git.go:588.32,590.3 1 0
mashed/app_git.go:593.2,594.53 2 0
mashed/app_git.go:594.53,599.3 3 0
mashed/app_git.go:600.2,600.23 1 0
mashed/app_git.go:600.23,602.3 1 0
mashed/app_git.go:605.2,612.16 4 0
mashed/app_git.go:612.16,614.3 1 0
mashed/app_git.go:616.2,616.46 1 0
mashed/app_git.go:620.69,622.2 1 0
mashed/app_git.go:625.76,627.2 1 0
mashed/app_git.go:630.64,631.20 1 0
mashed/app_git.go:631.20,633.3 1 0
mashed/app_git.go:635.2,637.16 3 0
mashed/app_git.go:637.16,639.3 1 0
mashed/app_git.go:640.2,642.29 3 0
mashed/app_git.go:642.29,644.17 2 0
mashed/app_git.go:644.17,646.4 1 0
mashed/app_git.go:648.2,649.19 2 0
mashed/app_git.go:653.53,654.16 1 0
mashed/app_git.go:654.16,656.3 1 0
mashed/app_git.go:657.2,657.50 1 0
mashed/app_git.go:661.53,663.16 2 0
mashed/app_git.go:663.16,665.3 1 0
mashed/app_git.go:667.2,667.27 1 0
mashed/app_git.go:667.27,669.3 1 0
mashed/app_git.go:670.2,670.26 1 0
mashed/app_git.go:676.36,677.30 1 0
mashed/app_git.go:678.14,679.21 1 0
mashed/app_git.go:680.23,681.22 1 0
mashed/app_git.go:682.14,683.21 1 0
mashed/app_git.go:684.14,685.25 1 0
mashed/app_git.go:686.15,687.22 1 0
mashed/app_git.go:688.14,689.21 1 0
mashed/app_git.go:690.14,691.24 1 0
mashed/app_git.go:692.10,693.36 1 0
mashed/app_git.go:698.59,699.16 1 0
mashed/app_git.go:699.16,701.3 1 0
mashed/app_git.go:703.2,704.16 2 0
mashed/app_git.go:704.16,706.3 1 0
mashed/app_git.go:707.2,707.36 1 0
mashed/app_git.go:707.36,709.3 1 0
mashed/app_git.go:711.2,712.16 2 0
mashed/app_git.go:712.16,714.3 1 0
mashed/app_git.go:716.2,717.93 2 0
mashed/app_git.go:721.71,724.16 3 0
mashed/app_git.go:724.16,728.20 3 0
mashed/app_git.go:728.20,730.4 1 0
mashed/app_git.go:731.3,731.58 1 0
mashed/app_git.go:733.2,733.25 1 0
mashed/app_git.go:737.73,740.16 3 0
mashed/app_git.go:740.16,742.3 1 0
mashed/app_git.go:743.2,743.26 1 0
mashed/app_git.go:743.26,745.3 1 0
mashed/app_git.go:746.2,746.25 1 0
mashed/app_git.go:750.40,753.36 3 0
mashed/app_git.go:753.36,754.27 1 0
mashed/app_git.go:754.27,756.9 2 0
mashed/app_git.go:763.62,768.16 4 0
mashed/app_git.go:768.16,770.3 1 0
mashed/app_git.go:771.2,772.20 2 0
mashed/app_git.go:772.20,774.3 1 0
mashed/app_git.go:776.2,783.88 3 0
mashed/app_scan.go:19.49,23.16 3 0
mashed/app_scan.go:23.16,26.3 2 0
mashed/app_scan.go:27.2,36.12 7 0
mashed/app_scan.go:40.26,46.6 4 0
mashed/app_scan.go:46.6,47.10 1 0
mashed/app_scan.go:48.23,49.10 1 0
mashed/app_scan.go:50.19,51.14 1 0
mashed/app_scan.go:59.49,60.46 1 0
mashed/app_scan.go:60.46,62.3 1 0
mashed/app_scan.go:63.2,63.73 1 0
mashed/app_scan.go:63.73,65.3 1 0
mashed/app_scan.go:66.2,66.11 1 0
mashed/app_scan.go:70.24,72.16 2 0
mashed/app_scan.go:72.16,75.3 2 0
mashed/app_scan.go:78.2,80.26 3 0
mashed/app_scan.go:80.26,82.3 1 0
mashed/app_scan.go:85.2,90.43 2 0
mashed/app_scan.go:90.43,92.3 1 0
mashed/app_scan.go:95.2,97.29 2 0
mashed/app_scan.go:97.29,99.17 2 0
mashed/app_scan.go:99.17,100.12 1 0
mashed/app_scan.go:103.3,103.102 1 0
mashed/app_scan.go:103.102,105.4 1 0
mashed/app_scan.go:107.3,107.63 1 0
mashed/app_scan.go:107.63,108.12 1 0
mashed/app_scan.go:111.3,114.18 4 0
mashed/app_scan.go:114.18,116.4 1 0
mashed/app_scan.go:119.3,121.24 3 0
mashed/app_scan.go:121.24,123.26 2 0
mashed/app_scan.go:123.26,125.5 1 0
mashed/app_scan.go:127.3,127.25 1 0
mashed/app_scan.go:127.25,129.4 1 0
mashed/app_scan.go:131.3,133.25 3 0
mashed/app_scan.go:133.25,135.4 1 0
mashed/app_scan.go:137.3,137.52 1 0
mashed/app_scan.go:137.52,139.4 1 0
mashed/app_scan.go:142.3,143.25 2 0
mashed/app_scan.go:143.25,145.4 1 0
mashed/app_scan.go:147.3,148.23 2 0
mashed/app_scan.go:148.23,149.12 1 0
mashed/app_scan.go:152.3,153.58 2 0
mashed/app_scan.go:153.58,155.4 1 0
mashed/app_scan.go:157.3,178.25 5 0
mashed/app_scan.go:178.25,179.46 1 0
mashed/app_scan.go:179.46,182.29 3 0
mashed/app_scan.go:182.29,184.6 1 0
mashed/app_scan.go:186.5,202.61 2 0
mashed/app_scan.go:209.2,211.36 3 0
mashed/app_scan.go:211.36,213.19 2 0
mashed/app_scan.go:213.19,215.4 1 0
mashed/app_scan.go:216.3,216.11 1 0
mashed/app_scan.go:216.11,218.4 1 0
mashed/app_scan.go:218.9,220.4 1 0
mashed/app_scan.go:222.2,226.43 3 0
mashed/app_sessions.go:15.31,17.16 2 0
mashed/app_sessions.go:17.16,20.3 2 0
mashed/app_sessions.go:22.2,22.6 1 0
mashed/app_sessions.go:22.6,23.10 1 0
mashed/app_sessions.go:24.23,25.10 1 0
mashed/app_sessions.go:26.22,27.11 1 0
mashed/app_sessions.go:27.11,29.5 1 0
mashed/app_sessions.go:31.4,31.14 1 0
mashed/app_sessions.go:37.81,39.41 2 0
mashed/app_sessions.go:39.41,41.3 1 0
mashed/app_sessions.go:42.2,43.16 2 0
mashed/app_sessions.go:43.16,45.3 1 0
mashed/app_sessions.go:46.2,46.13 1 0
mashed/app_sessions.go:50.72,52.16 2 0
mashed/app_sessions.go:52.16,54.3 1 0
mashed/app_sessions.go:56.2,59.32 3 0
mashed/app_sessions.go:59.32,60.62 1 0
mashed/app_sessions.go:60.62,61.12 1 0
mashed/app_sessions.go:63.3,64.17 2 0
mashed/app_sessions.go:64.17,65.12 1 0
mashed/app_sessions.go:67.3,67.38 1 0
mashed/app_sessions.go:67.38,70.4 2 0
mashed/app_sessions.go:73.2,73.22 1 0
mashed/app_sessions.go:73.22,75.3 1 0
mashed/app_sessions.go:77.2,78.16 2 0
mashed/app_sessions.go:78.16,81.3 2 0
mashed/app_sessions.go:82.2,82.13 1 0
mashed/app_sessions.go:86.37,87.6 1 0
mashed/app_sessions.go:87.6,88.10 1 0
mashed/app_sessions.go:89.23,90.10 1 0
mashed/app_sessions.go:91.39,92.11 1 0
mashed/app_sessions.go:92.11,94.5 1 0
mashed/app_sessions.go:95.4,97.38 3 0
mashed/app_sessions.go:97.38,98.33 1 0
mashed/app_sessions.go:98.33,101.11 3 0
mashed/app_sessions.go:104.4,104.14 1 0
mashed/app_sessions.go:104.14,106.5 1 0
mashed/app_sessions.go:107.4,107.52 1 0
mashed/app_sessions.go:107.52,109.5 1 0
mashed/app_sessions.go:110.4,110.17 1 0
mashed/app_sessions.go:116.93,118.16 2 0
mashed/app_sessions.go:118.16,120.3 1 0
mashed/app_sessions.go:123.2,129.32 3 0
mashed/app_sessions.go:129.32,130.62 1 0
mashed/app_sessions.go:130.62,131.12 1 0
mashed/app_sessions.go:133.3,134.17 2 0
mashed/app_sessions.go:134.17,135.12 1 0
mashed/app_sessions.go:137.3,142.5 2 0
mashed/app_sessions.go:146.2,146.40 1 0
mashed/app_sessions.go:146.40,148.3 1 0
mashed/app_sessions.go:151.2,151.26 1 0
mashed/app_sessions.go:151.26,152.21 1 0
mashed/app_sessions.go:152.21,153.12 1 0
mashed/app_sessions.go:155.3,156.17 2 0
mashed/app_sessions.go:156.17,157.12 1 0
mashed/app_sessions.go:159.3,160.14 2 0
mashed/app_sessions.go:162.2,162.12 1 0
mashed/app_sessions.go:166.72,167.29 1 0
mashed/app_sessions.go:167.29,169.3 1 0
mashed/app_sessions.go:171.2,172.32 2 0
mashed/app_sessions.go:172.32,174.3 1 0
mashed/app_sessions.go:177.2,177.70 1 0
mashed/app_sessions.go:177.70,179.3 1 0
mashed/app_sessions.go:182.2,182.28 1 0
mashed/app_sessions.go:182.28,184.3 1 0
mashed/app_sessions.go:187.2,187.41 1 0
mashed/app_sessions.go:187.41,189.34 1 0
mashed/app_sessions.go:189.34,191.4 1 0
mashed/app_sessions.go:192.3,192.27 1 0
mashed/app_sessions.go:195.2,195.29 1 0
mashed/app_spawn.go:18.124,23.82 4 0
mashed/app_spawn.go:23.82,25.3 1 0
mashed/app_spawn.go:27.2,41.25 5 0
mashed/app_spawn.go:46.73,47.20 1 0
mashed/app_spawn.go:47.20,49.3 1 0
mashed/app_spawn.go:50.2,50.17 1 0
mashed/app_spawn.go:50.17,52.3 1 0
mashed/app_spawn.go:53.2,54.76 2 0
mashed/app_spawn.go:59.79,60.37 1 0
mashed/app_spawn.go:60.37,62.3 1 0
mashed/app_spawn.go:63.2,63.77 1 0
mashed/app_spawn.go:68.62,69.20 1 0
mashed/app_spawn.go:69.20,71.3 1 0
mashed/app_spawn.go:72.2,72.73 1 0
mashed/app_spawn.go:76.61,77.41 1 0
mashed/app_spawn.go:77.41,79.3 1 0
mashed/app_spawn.go:80.2,82.17 3 0
mashed/app_spawn.go:82.17,84.3 1 0
mashed/app_spawn.go:86.2,87.22 2 0
mashed/app_spawn.go:87.22,89.3 1 0
mashed/app_spawn.go:90.2,90.14 1 0
mashed/app_spawn.go:96.75,98.36 2 0
mashed/app_spawn.go:98.36,99.49 1 0
mashed/app_spawn.go:99.49,101.9 2 0
mashed/app_spawn.go:104.2,106.22 2 0
mashed/app_spawn.go:106.22,108.54 2 0
mashed/app_spawn.go:108.54,110.4 1 0
mashed/app_spawn.go:113.3,113.53 1 0
mashed/app_spawn.go:113.53,115.4 1 0
mashed/app_spawn.go:117.3,117.35 1 0
mashed/app_spawn.go:121.2,121.13 1 0
mashed/app_spawn.go:121.13,123.17 2 0
mashed/app_spawn.go:123.17,124.52 1 0
mashed/app_spawn.go:124.52,126.5 1 0
mashed/app_spawn.go:131.2,134.36 4 0
mashed/app_spawn.go:134.36,135.27 1 0
mashed/app_spawn.go:135.27,136.12 1 0
mashed/app_spawn.go:138.3,138.49 1 0
mashed/app_spawn.go:138.49,140.12 2 0
mashed/app_spawn.go:142.3,142.29 1 0
mashed/app_spawn.go:144.2,149.12 4 0
mashed/app_terminal_registry.go:16.34,16.35 0 0
mashed/app_terminal_registry.go:20.67,22.58 2 0
mashed/app_terminal_registry.go:22.58,24.17 2 0
mashed/app_terminal_registry.go:24.17,25.12 1 0
mashed/app_terminal_registry.go:28.3,31.10 3 0
mashed/app_terminal_registry.go:32.48,34.50 2 0
mashed/app_terminal_registry.go:35.45,37.47 2 0
mashed/app_terminal_registry.go:38.11,39.12 1 0
mashed/app_terminal_registry.go:42.3,50.10 3 0
mashed/app_terminal_registry.go:52.2,52.14 1 0
mashed/app_terminal_registry.go:57.55,60.19 3 0
mashed/app_terminal_registry.go:60.19,62.3 1 0
mashed/app_terminal_registry.go:63.2,63.24 1 0
mashed/app_terminal_registry.go:78.63,82.2 3 0
mashed/app_terminal_registry.go:85.53,89.18 4 0
mashed/app_terminal_registry.go:89.18,91.3 1 0
mashed/app_terminal_registry.go:96.74,97.20 1 0
mashed/app_terminal_registry.go:97.20,99.3 1 0
mashed/app_terminal_registry.go:103.2,105.42 3 0
mashed/app_terminal_registry.go:105.42,106.32 1 0
mashed/app_terminal_registry.go:106.32,108.4 1 0
mashed/app_terminal_registry.go:110.2,114.34 4 0
mashed/app_terminal_registry.go:114.34,115.42 1 0
mashed/app_terminal_registry.go:115.42,118.4 2 0
mashed/app_terminal_registry.go:118.9,120.4 1 0
mashed/app_terminal_registry.go:124.2,124.19 1 0
mashed/app_terminal_registry.go:124.19,126.29 2 0
mashed/app_terminal_registry.go:126.29,128.4 1 0
mashed/app_terminal_registry.go:129.3,129.16 1 0
mashed/app_terminal_registry.go:132.2,132.40 1 0
mashed/app_terminal_registry.go:132.40,134.3 1 0
mashed/app_terminal_registry.go:136.2,136.18 1 0
mashed/app_terminal_registry.go:136.18,138.3 1 0
mashed/app_terminal_registry.go:139.2,139.14 1 0
mashed/app_terminal_registry.go:145.61,149.13 4 0
mashed/app_terminal_registry.go:149.13,151.3 1 0
mashed/app_terminal_registry.go:153.2,153.52 1 0
mashed/app_terminal_registry.go:153.52,155.3 1 0
mashed/app_terminal_registry.go:157.2,158.12 2 0
mashed/font_scanner.go:84.26,90.2 2 0
mashed/font_scanner.go:93.35,96.2 2 0
mashed/font_scanner.go:100.52,106.63 2 0
mashed/font_scanner.go:106.63,108.3 1 0
mashed/font_scanner.go:110.2,110.44 1 0
mashed/font_scanner.go:110.44,112.3 1 0
mashed/font_scanner.go:115.2,115.40 1 0
mashed/font_scanner.go:115.40,120.3 3 0
mashed/font_scanner.go:122.2,122.18 1 0
mashed/font_scanner.go:143.24,146.16 2 0
mashed/font_scanner.go:146.16,150.69 3 0
mashed/font_scanner.go:150.69,152.4 1 0
mashed/font_scanner.go:155.2,155.16 1 0
mashed/font_scanner.go:159.36,161.2 1 0
mashed/font_scanner.go:164.36,167.2 2 0
mashed/font_scanner.go:170.37,171.45 1 0
mashed/font_scanner.go:172.16,173.17 1 0
mashed/font_scanner.go:174.14,175.20 1 0
mashed/font_scanner.go:176.10,177.20 1 0
mashed/font_scanner.go:206.64,208.36 2 0
mashed/font_scanner.go:208.36,209.41 1 0
mashed/font_scanner.go:209.41,211.4 1 0
mashed/font_scanner.go:213.2,213.24 1 0
mashed/font_scanner.go:217.45,219.8 2 0
mashed/font_scanner.go:219.8,221.3 1 0
mashed/font_scanner.go:222.2,223.36 2 0
mashed/font_scanner.go:223.36,225.3 1 0
mashed/font_scanner.go:226.2,226.13 1 0
mashed/font_scanner.go:230.87,240.2 3 0
mashed/font_scanner.go:243.75,245.16 2 0
mashed/font_scanner.go:245.16,247.3 1 0
mashed/font_scanner.go:248.2,250.27 2 0
mashed/font_scanner.go:250.27,252.48 2 0
mashed/font_scanner.go:252.48,253.12 1 0
mashed/font_scanner.go:255.3,256.17 2 0
mashed/font_scanner.go:256.17,257.12 1 0
mashed/font_scanner.go:259.3,261.17 3 0
mashed/font_scanner.go:261.17,262.12 1 0
mashed/font_scanner.go:264.3,264.42 1 0
mashed/font_scanner.go:270.50,273.16 3 0
mashed/font_scanner.go:273.16,275.3 1 0
mashed/font_scanner.go:277.2,278.32 2 0
mashed/font_scanner.go:278.32,279.20 1 0
mashed/font_scanner.go:279.20,280.12 1 0
mashed/font_scanner.go:282.3,285.60 2 0
mashed/font_scanner.go:285.60,287.12 2 0
mashed/font_scanner.go:291.3,291.32 1 0
mashed/font_scanner.go:291.32,292.12 1 0
mashed/font_scanner.go:294.3,295.17 2 0
mashed/font_scanner.go:295.17,296.12 1 0
mashed/font_scanner.go:298.3,298.50 1 0
mashed/font_scanner.go:301.2,302.38 2 0
mashed/font_scanner.go:302.38,304.3 1 0
mashed/font_scanner.go:305.2,305.41 1 0
mashed/font_scanner.go:305.41,307.3 1 0
mashed/font_scanner.go:308.2,308.15 1 0
mashed/font_scanner.go:312.47,315.33 2 0
mashed/font_scanner.go:315.33,317.17 2 0
mashed/font_scanner.go:317.17,318.12 1 0
mashed/font_scanner.go:320.3,320.33 1 0
mashed/font_scanner.go:320.33,321.50 1 0
mashed/font_scanner.go:321.50,322.13 1 0
mashed/font_scanner.go:324.4,325.11 2 0
mashed/font_scanner.go:325.11,326.13 1 0
mashed/font_scanner.go:328.4,328.42 1 0
mashed/font_scanner.go:328.42,330.5 1 0
mashed/font_scanner.go:334.2,335.33 2 0
mashed/font_scanner.go:335.33,337.3 1 0
mashed/font_scanner.go:338.2,338.41 1 0
mashed/font_scanner.go:338.41,340.3 1 0
mashed/font_scanner.go:341.2,341.15 1 0
mashed/main.go:22.37,26.66 3 0
mashed/main.go:26.66,28.3 1 0
mashed/main.go:29.2,30.81 2 0
mashed/main.go:30.81,32.3 1 0
mashed/main.go:33.2,34.81 2 0
mashed/main.go:34.81,36.3 1 0
mashed/main.go:38.2,39.77 2 0
mashed/main.go:39.77,41.3 1 0
mashed/main.go:42.2,42.115 1 0
mashed/main.go:42.115,44.3 1 0
mashed/main.go:45.2,46.85 2 0
mashed/main.go:46.85,48.17 2 0
mashed/main.go:48.17,50.4 1 0
mashed/main.go:52.2,53.113 2 0
mashed/main.go:53.113,58.15 5 0
mashed/main.go:58.15,61.4 2 0
mashed/main.go:62.3,62.55 1 0
mashed/main.go:62.55,64.4 1 0
mashed/main.go:67.2,70.72 3 0
mashed/main.go:70.72,72.3 1 0
mashed/main.go:73.2,73.77 1 0
mashed/main.go:73.77,75.3 1 0
mashed/main.go:76.2,77.76 2 0
mashed/main.go:77.76,79.3 1 0
mashed/main.go:80.2,80.117 1 0
mashed/main.go:80.117,82.3 1 0
mashed/main.go:84.2,85.68 2 0
mashed/main.go:85.68,87.3 1 0
mashed/main.go:89.2,89.16 1 0
mashed/main.go:92.13,121.16 3 0
mashed/main.go:121.16,123.3 1 0
mashed/theme_scanner.go:19.37,21.2 1 0
mashed/theme_scanner.go:25.76,27.21 2 0
mashed/theme_scanner.go:27.21,29.3 1 0
mashed/theme_scanner.go:30.2,30.33 1 0
mashed/theme_scanner.go:34.62,36.2 1 0
mashed/theme_scanner.go:39.71,40.28 1 0
mashed/theme_scanner.go:40.28,41.21 1 0
mashed/theme_scanner.go:41.21,42.39 1 0
mashed/theme_scanner.go:42.39,44.5 1 0
mashed/theme_scanner.go:45.4,46.18 2 0
mashed/theme_scanner.go:46.18,48.5 1 0
mashed/theme_scanner.go:49.4,50.25 2 0
mashed/theme_scanner.go:53.2,53.62 1 0
mashed/theme_scanner.go:59.41,60.24 1 0
mashed/theme_scanner.go:60.24,61.26 1 0
mashed/theme_scanner.go:61.26,63.4 1 0
mashed/theme_scanner.go:64.3,64.33 1 0
mashed/theme_scanner.go:64.33,65.45 1 0
mashed/theme_scanner.go:65.45,67.5 1 0
mashed/theme_scanner.go:70.2,70.31 1 0
mashed/theme_scanner.go:70.31,75.3 4 0
mashed/theme_scanner.go:76.2,76.22 1 0
mashed/theme_scanner.go:76.22,78.3 1 0
mashed/theme_scanner.go:79.2,79.22 1 0
mashed/theme_scanner.go:79.22,81.3 1 0
mashed/theme_scanner.go:86.38,87.17 1 0
mashed/theme_scanner.go:87.17,89.17 2 0
mashed/theme_scanner.go:89.17,91.4 1 0
mashed/theme_scanner.go:92.3,92.14 1 0
mashed/theme_scanner.go:94.2,94.35 1 0
mashed/theme_scanner.go:94.35,96.17 2 0
mashed/theme_scanner.go:96.17,98.4 1 0
mashed/theme_scanner.go:99.3,99.39 1 0
mashed/theme_scanner.go:101.2,101.13 1 0
mashed/theme_scanner.go:106.37,111.12 4 0
mashed/theme_scanner.go:111.12,113.21 1 0
mashed/theme_scanner.go:113.21,116.14 3 0
mashed/theme_scanner.go:116.14,117.35 1 0
mashed/theme_scanner.go:117.35,120.14 3 0
mashed/theme_scanner.go:122.5,122.23 1 0
mashed/theme_scanner.go:122.23,125.11 3 0
mashed/theme_scanner.go:127.5,128.8 2 0
mashed/theme_scanner.go:130.4,130.12 1 0
mashed/theme_scanner.go:134.3,134.52 1 0
mashed/theme_scanner.go:134.52,137.33 2 0
mashed/theme_scanner.go:137.33,139.5 1 0
mashed/theme_scanner.go:140.4,140.12 1 0
mashed/theme_scanner.go:144.3,144.52 1 0
mashed/theme_scanner.go:144.52,146.16 2 0
mashed/theme_scanner.go:146.16,147.43 1 0
mashed/theme_scanner.go:147.43,149.11 2 0
mashed/theme_scanner.go:151.5,151.8 1 0
mashed/theme_scanner.go:153.4,153.12 1 0
mashed/theme_scanner.go:156.3,157.6 2 0
mashed/theme_scanner.go:161.2,162.12 2 0
mashed/theme_scanner.go:166.46,170.25 3 0
mashed/theme_scanner.go:170.25,171.21 1 0
mashed/theme_scanner.go:171.21,174.91 2 0
mashed/theme_scanner.go:174.91,176.5 1 0
mashed/theme_scanner.go:177.4,177.51 1 0
mashed/theme_scanner.go:177.51,180.92 1 0
mashed/theme_scanner.go:180.92,182.6 1 0
mashed/theme_scanner.go:183.5,183.13 1 0
mashed/theme_scanner.go:186.3,186.35 1 0
mashed/theme_scanner.go:188.2,188.15 1 0
mashed/theme_scanner.go:205.64,208.18 3 0
mashed/theme_scanner.go:208.18,210.3 1 0
mashed/theme_scanner.go:213.2,217.16 3 0
mashed/theme_scanner.go:217.16,219.3 1 0
mashed/theme_scanner.go:220.2,220.19 1 0
mashed/theme_scanner.go:220.19,222.3 1 0
mashed/theme_scanner.go:224.2,225.16 2 0
mashed/theme_scanner.go:225.16,227.3 1 0
mashed/theme_scanner.go:229.2,231.32 2 0
mashed/theme_scanner.go:231.32,232.20 1 0
mashed/theme_scanner.go:232.20,233.12 1 0
mashed/theme_scanner.go:235.3,235.65 1 0
mashed/theme_scanner.go:235.65,236.12 1 0
mashed/theme_scanner.go:239.3,243.17 4 0
mashed/theme_scanner.go:243.17,245.12 2 0
mashed/theme_scanner.go:248.3,250.17 3 0
mashed/theme_scanner.go:250.17,251.12 1 0
mashed/theme_scanner.go:254.3,255.55 2 0
mashed/theme_scanner.go:255.55,256.12 1 0
mashed/theme_scanner.go:259.3,259.44 1 0
mashed/theme_scanner.go:259.44,260.60 1 0
mashed/theme_scanner.go:260.60,261.13 1 0
mashed/theme_scanner.go:265.4,275.6 4 0
mashed/theme_scanner.go:280.2,280.41 1 0
mashed/theme_scanner.go:280.41,282.3 1 0
mashed/theme_scanner.go:284.2,284.20 1 0
mashed/theme_scanner.go:299.63,302.18 3 0
mashed/theme_scanner.go:302.18,304.3 1 0
mashed/theme_scanner.go:305.2,307.32 2 0
mashed/theme_scanner.go:307.32,309.10 2 0
mashed/theme_scanner.go:309.10,311.4 1 0
mashed/theme_scanner.go:312.3,312.64 1 0
mashed/theme_scanner.go:315.2,315.55 1 0
mashed/theme_scanner.go:318.91,319.15 1 0
mashed/theme_scanner.go:319.15,322.3 2 0
mashed/theme_scanner.go:325.2,326.16 2 0
mashed/theme_scanner.go:326.16,328.3 1 0
mashed/theme_scanner.go:329.2,330.16 2 0
mashed/theme_scanner.go:330.16,332.3 1 0
mashed/theme_scanner.go:335.2,335.92 1 0
mashed/theme_scanner.go:335.92,337.3 1 0
mashed/theme_scanner.go:340.2,341.16 2 0
mashed/theme_scanner.go:341.16,343.3 1 0
mashed/theme_scanner.go:344.2,344.28 1 0
mashed/theme_scanner.go:344.28,346.3 1 0
mashed/theme_scanner.go:348.2,349.16 2 0
mashed/theme_scanner.go:349.16,351.3 1 0
mashed/theme_scanner.go:354.2,358.54 3 0
mashed/theme_scanner.go:358.54,361.3 1 0
mashed/theme_scanner.go:364.2,364.25 1 0
mashed/theme_scanner.go:364.25,370.17 4 0
mashed/theme_scanner.go:370.17,372.4 1 0
mashed/theme_scanner.go:372.9,374.71 2 0
mashed/theme_scanner.go:374.71,376.5 1 0
mashed/theme_scanner.go:381.2,385.16 3 0
mashed/theme_scanner.go:385.16,387.3 1 0
mashed/theme_scanner.go:388.2,388.28 1 0
mashed/theme_scanner.go:394.99,395.15 1 0
mashed/theme_scanner.go:395.15,398.3 2 0
mashed/theme_scanner.go:401.2,402.16 2 0
mashed/theme_scanner.go:402.16,404.3 1 0
mashed/theme_scanner.go:405.2,406.16 2 0
mashed/theme_scanner.go:406.16,408.3 1 0
mashed/theme_scanner.go:409.2,409.66 1 0
mashed/theme_scanner.go:409.66,411.3 1 0
mashed/theme_scanner.go:413.2,414.16 2 0
mashed/theme_scanner.go:414.16,416.3 1 0
mashed/theme_scanner.go:417.2,420.16 3 0
mashed/theme_scanner.go:420.16,422.3 1 0
mashed/theme_scanner.go:424.2,427.54 3 0
mashed/theme_scanner.go:427.54,429.3 1 0
mashed/theme_scanner.go:431.2,431.25 1 0
mashed/theme_scanner.go:431.25,439.17 5 0
mashed/theme_scanner.go:439.17,441.4 1 0
mashed/theme_scanner.go:441.9,443.71 2 0
mashed/theme_scanner.go:443.71,445.5 1 0
mashed/theme_scanner.go:449.2,451.16 3 0
mashed/theme_scanner.go:451.16,453.3 1 0
mashed/theme_scanner.go:454.2,454.28 1 0
mashed/theme_scanner.go:458.56,464.2 5 0
