mode: set
mashed/app.go:106.26,109.2 2 0
mashed/app.go:112.26,115.2 2 0
mashed/app.go:118.32,120.16 2 0
mashed/app.go:120.16,122.3 1 0
mashed/app.go:123.2,125.12 3 0
mashed/app.go:129.41,131.47 2 0
mashed/app.go:131.47,133.3 1 0
mashed/app.go:134.2,135.16 2 0
mashed/app.go:135.16,137.3 1 0
mashed/app.go:138.2,138.47 1 0
mashed/app.go:143.47,151.2 2 0
mashed/app.go:154.44,163.46 4 0
mashed/app.go:163.46,165.3 1 0
mashed/app.go:170.2,174.22 3 0
mashed/app.go:174.22,176.52 2 0
mashed/app.go:176.52,178.4 1 0
mashed/app.go:182.2,185.16 4 0
mashed/app.go:185.16,187.3 1 0
mashed/app.go:187.8,189.83 2 0
mashed/app.go:189.83,191.4 1 0
mashed/app.go:196.45,197.21 1 0
mashed/app.go:197.21,199.3 1 0
mashed/app.go:200.2,200.22 1 0
mashed/app.go:200.22,202.3 1 0
mashed/app.go:203.2,203.21 1 0
mashed/app.go:203.21,205.3 1 0
mashed/app.go:211.47,216.16 2 0
mashed/app.go:216.16,218.3 1 0
mashed/app.go:219.2,219.17 1 0
mashed/app.go:223.54,227.16 2 0
mashed/app.go:227.16,229.3 1 0
mashed/app.go:230.2,230.18 1 0
mashed/app.go:234.61,239.2 4 0
mashed/app.go:242.75,243.20 1 0
mashed/app.go:243.20,245.3 1 0
mashed/app.go:247.2,248.57 2 0
mashed/app.go:248.57,250.3 1 0
mashed/app.go:252.2,252.72 1 0
mashed/app.go:252.72,254.3 1 0
mashed/app.go:256.2,260.16 4 0
mashed/app.go:260.16,262.3 1 0
mashed/app.go:264.2,265.34 2 0
mashed/app.go:265.34,267.58 2 0
mashed/app.go:267.58,269.4 1 0
mashed/app.go:270.3,270.50 1 0
mashed/app.go:273.2,273.21 1 0
mashed/app.go:273.21,276.3 2 0
mashed/app.go:277.2,277.18 1 0
mashed/app.go:281.57,284.51 3 0
mashed/app.go:284.51,286.3 1 0
mashed/app.go:287.2,287.46 1 0
mashed/app.go:287.46,289.3 1 0
mashed/app.go:290.2,291.16 2 0
mashed/app.go:291.16,293.3 1 0
mashed/app.go:294.2,295.67 2 0
mashed/app.go:295.67,297.3 1 0
mashed/app.go:298.2,299.12 2 0
mashed/app.go:303.43,304.15 1 0
mashed/app.go:304.15,306.3 1 0
mashed/app.go:308.2,309.16 2 0
mashed/app.go:309.16,311.3 1 0
mashed/app.go:312.2,312.19 1 0
mashed/app.go:312.19,314.3 1 0
mashed/app.go:317.2,320.40 4 0
mashed/app.go:320.40,323.3 2 0
mashed/app.go:323.8,325.3 1 0
mashed/app.go:327.2,327.28 1 0
mashed/app.go:331.34,333.2 1 0
mashed/app.go:336.40,338.2 1 0
mashed/app.go:341.41,347.2 5 0
mashed/app.go:350.53,356.2 5 0
mashed/app.go:359.52,365.2 5 0
mashed/app.go:368.43,374.2 5 0
mashed/app.go:377.48,383.2 5 0
mashed/app.go:386.54,402.2 1 0
mashed/app.go:405.50,407.31 2 0
mashed/app.go:407.31,409.3 1 0
mashed/app.go:410.2,410.28 1 0
mashed/app.go:414.54,415.38 1 0
mashed/app.go:415.38,417.3 1 0
mashed/app.go:419.2,420.33 2 0
mashed/app.go:420.33,422.3 1 0
mashed/app.go:424.2,425.39 2 0
mashed/app.go:425.39,427.3 1 0
mashed/app.go:429.2,430.39 2 0
mashed/app.go:430.39,432.3 1 0
mashed/app.go:434.2,435.45 2 0
mashed/app.go:435.45,437.3 1 0
mashed/app.go:439.2,440.49 2 0
mashed/app.go:440.49,442.3 1 0
mashed/app.go:444.2,445.55 2 0
mashed/app.go:445.55,447.3 1 0
mashed/app.go:449.2,449.12 1 0
mashed/app.go:453.64,454.57 1 0
mashed/app.go:454.57,456.3 1 0
mashed/app.go:457.2,461.24 5 0
mashed/app.go:466.39,468.16 2 0
mashed/app.go:468.16,470.3 1 0
mashed/app.go:471.2,471.21 1 0
mashed/app.go:475.60,481.56 4 0
mashed/app.go:481.56,483.3 1 0
mashed/app.go:485.2,488.47 3 0
mashed/app.go:488.47,490.3 1 0
mashed/app.go:491.2,492.16 2 0
mashed/app.go:492.16,494.3 1 0
mashed/app.go:495.2,495.47 1 0
mashed/app.go:499.44,504.56 4 0
mashed/app.go:504.56,506.3 1 0
mashed/app.go:508.2,511.16 3 0
mashed/app.go:511.16,513.3 1 0
mashed/app.go:514.2,514.47 1 0
mashed/app.go:518.61,524.2 5 0
mashed/app.go:527.37,529.2 1 0
mashed/app.go:532.32,537.16 5 0
mashed/app.go:537.16,540.3 2 0
mashed/app.go:541.2,542.88 2 0
mashed/app.go:546.54,547.22 1 0
mashed/app.go:547.22,549.3 1 0
mashed/app.go:550.2,550.91 1 0
mashed/app.go:554.34,556.30 2 0
mashed/app.go:556.30,558.93 2 0
mashed/app.go:558.93,560.4 1 0
mashed/app.go:562.2,562.19 1 0
mashed/app.go:562.19,564.3 1 0
mashed/app.go:565.2,565.20 1 0
mashed/app.go:569.41,570.15 1 0
mashed/app.go:570.15,572.3 1 0
mashed/app.go:573.2,573.27 1 0
mashed/app_bmad.go:15.63,16.26 1 0
mashed/app_bmad.go:16.26,18.3 1 0
mashed/app_bmad.go:19.2,19.38 1 0
mashed/app_bmad.go:23.68,24.26 1 0
mashed/app_bmad.go:24.26,26.3 1 0
mashed/app_bmad.go:27.2,27.39 1 0
mashed/app_bmad.go:31.59,32.26 1 0
mashed/app_bmad.go:32.26,34.3 1 0
mashed/app_bmad.go:35.2,35.39 1 0
mashed/app_bmad.go:39.51,40.26 1 0
mashed/app_bmad.go:40.26,42.3 1 0
mashed/app_bmad.go:43.2,43.41 1 0
mashed/app_bmad.go:49.52,51.2 1 0
mashed/app_bmad.go:54.71,56.2 1 0
mashed/app_bmad.go:59.84,60.26 1 0
mashed/app_bmad.go:60.26,62.3 1 0
mashed/app_bmad.go:63.2,63.52 1 0
mashed/app_bmad.go:69.54,71.2 1 0
mashed/app_bmad.go:74.89,75.26 1 0
mashed/app_bmad.go:75.26,77.3 1 0
mashed/app_bmad.go:79.2,81.44 3 0
mashed/app_bmad.go:81.44,82.25 1 0
mashed/app_bmad.go:82.25,85.9 3 0
mashed/app_bmad.go:88.2,88.12 1 0
mashed/app_bmad.go:88.12,90.3 1 0
mashed/app_bmad.go:92.2,108.55 6 0
mashed/app_bmad.go:108.55,110.3 1 0
mashed/app_bmad.go:111.2,111.16 1 0
mashed/app_bmad.go:117.75,119.2 1 0
mashed/app_bmad.go:122.76,124.2 1 0
mashed/app_bmad.go:129.85,130.27 1 0
mashed/app_bmad.go:130.27,132.3 1 0
mashed/app_bmad.go:133.2,134.16 2 0
mashed/app_bmad.go:134.16,136.3 1 0
mashed/app_bmad.go:137.2,137.21 1 0
mashed/app_bmad.go:141.54,142.27 1 0
mashed/app_bmad.go:142.27,144.3 1 0
mashed/app_bmad.go:145.2,145.45 1 0
mashed/app_bmad.go:149.55,150.27 1 0
mashed/app_bmad.go:150.27,152.3 1 0
mashed/app_bmad.go:153.2,153.46 1 0
mashed/app_bmad.go:157.53,158.27 1 0
mashed/app_bmad.go:158.27,160.3 1 0
mashed/app_bmad.go:161.2,161.44 1 0
mashed/app_bmad.go:165.80,166.27 1 0
mashed/app_bmad.go:166.27,168.3 1 0
mashed/app_bmad.go:169.2,169.44 1 0
mashed/app_bmad.go:175.64,176.26 1 0
mashed/app_bmad.go:176.26,178.3 1 0
mashed/app_bmad.go:179.2,179.35 1 0
mashed/app_bmad.go:183.63,184.26 1 0
mashed/app_bmad.go:184.26,186.3 1 0
mashed/app_bmad.go:187.2,187.39 1 0
mashed/app_bmad.go:191.48,192.26 1 0
mashed/app_bmad.go:192.26,194.3 1 0
mashed/app_bmad.go:195.2,195.38 1 0
mashed/app_bmad.go:200.74,204.26 2 0
mashed/app_bmad.go:204.26,206.17 2 0
mashed/app_bmad.go:206.17,208.4 1 0
mashed/app_bmad.go:209.3,209.29 1 0
mashed/app_bmad.go:213.2,213.20 1 0
mashed/app_bmad.go:213.20,215.3 1 0
mashed/app_bmad.go:218.2,219.16 2 0
mashed/app_bmad.go:219.16,221.3 1 0
mashed/app_bmad.go:223.2,223.20 1 0
mashed/app_bmad.go:229.49,231.2 1 0
mashed/app_bmad.go:236.68,237.27 1 0
mashed/app_bmad.go:237.27,239.3 1 0
mashed/app_bmad.go:240.2,241.16 2 0
mashed/app_bmad.go:241.16,243.3 1 0
mashed/app_bmad.go:244.2,244.38 1 0
mashed/app_bmad.go:249.86,251.2 1 0
mashed/app_bmad.go:254.63,262.2 1 0
mashed/app_explain.go:8.84,10.2 1 0
mashed/app_explain.go:13.41,16.2 2 0
mashed/app_git.go:42.69,43.20 1 0
mashed/app_git.go:43.20,45.3 1 0
mashed/app_git.go:46.2,49.47 3 0
mashed/app_git.go:49.47,51.3 1 0
mashed/app_git.go:53.2,53.46 1 0
mashed/app_git.go:53.46,55.3 1 0
mashed/app_git.go:57.2,57.20 1 0
mashed/app_git.go:61.46,62.26 1 0
mashed/app_git.go:62.26,64.3 1 0
mashed/app_git.go:65.2,66.16 2 0
mashed/app_git.go:66.16,68.3 1 0
mashed/app_git.go:69.2,70.26 2 0
mashed/app_git.go:70.26,76.3 1 0
mashed/app_git.go:77.2,77.16 1 0
mashed/app_git.go:82.72,83.56 1 0
mashed/app_git.go:83.56,90.3 1 0
mashed/app_git.go:92.2,92.12 1 0
mashed/app_git.go:92.12,94.55 1 0
mashed/app_git.go:94.55,97.4 2 0
mashed/app_git.go:98.3,98.21 1 0
mashed/app_git.go:98.21,101.4 2 0
mashed/app_git.go:102.3,103.47 2 0
mashed/app_git.go:103.47,106.4 2 0
mashed/app_git.go:109.3,110.98 2 0
mashed/app_git.go:110.98,113.4 2 0
mashed/app_git.go:116.3,117.15 2 0
mashed/app_git.go:117.15,119.4 1 0
mashed/app_git.go:120.3,123.53 4 0
mashed/app_git.go:123.53,126.4 2 0
mashed/app_git.go:129.3,129.18 1 0
mashed/app_git.go:129.18,132.18 3 0
mashed/app_git.go:132.18,134.5 1 0
mashed/app_git.go:134.10,137.57 3 0
mashed/app_git.go:137.57,139.6 1 0
mashed/app_git.go:139.11,141.6 1 0
mashed/app_git.go:146.3,148.54 3 0
mashed/app_git.go:148.54,150.4 1 0
mashed/app_git.go:150.9,152.58 2 0
mashed/app_git.go:152.58,154.5 1 0
mashed/app_git.go:154.10,156.5 1 0
mashed/app_git.go:160.3,160.27 1 0
mashed/app_git.go:160.27,162.62 2 0
mashed/app_git.go:162.62,164.5 1 0
mashed/app_git.go:167.3,167.82 1 0
mashed/app_git.go:172.70,175.16 3 0
mashed/app_git.go:175.16,177.3 1 0
mashed/app_git.go:179.2,180.75 2 0
mashed/app_git.go:180.75,181.17 1 0
mashed/app_git.go:181.17,182.12 1 0
mashed/app_git.go:184.3,190.5 4 0
mashed/app_git.go:192.2,192.22 1 0
mashed/app_git.go:196.79,197.36 1 0
mashed/app_git.go:197.36,199.3 1 0
mashed/app_git.go:201.2,201.16 1 0
mashed/app_git.go:201.16,202.50 1 0
mashed/app_git.go:202.50,203.59 1 0
mashed/app_git.go:203.59,205.5 1 0
mashed/app_git.go:209.2,210.50 2 0
mashed/app_git.go:210.50,212.3 1 0
mashed/app_git.go:213.2,213.12 1 0
mashed/app_git.go:218.85,219.34 1 0
mashed/app_git.go:219.34,221.3 1 0
mashed/app_git.go:223.2,224.18 2 0
mashed/app_git.go:224.18,226.3 1 0
mashed/app_git.go:229.2,229.16 1 0
mashed/app_git.go:229.16,230.50 1 0
mashed/app_git.go:230.50,232.59 1 0
mashed/app_git.go:232.59,234.5 1 0
mashed/app_git.go:239.2,240.50 2 0
mashed/app_git.go:240.50,242.3 1 0
mashed/app_git.go:244.2,244.12 1 0
mashed/app_git.go:248.58,253.64 3 0
mashed/app_git.go:253.64,255.3 1 0
mashed/app_git.go:258.2,260.16 3 0
mashed/app_git.go:260.16,269.47 4 0
mashed/app_git.go:269.47,271.35 2 0
mashed/app_git.go:271.35,275.5 3 0
mashed/app_git.go:279.3,281.49 2 0
mashed/app_git.go:281.49,283.23 2 0
mashed/app_git.go:283.23,289.5 5 0
mashed/app_git.go:293.3,298.100 3 0
mashed/app_git.go:298.100,300.4 1 0
mashed/app_git.go:303.2,303.15 1 0
mashed/app_git.go:313.100,314.40 1 0
mashed/app_git.go:314.40,315.24 1 0
mashed/app_git.go:315.24,317.4 1 0
mashed/app_git.go:321.2,323.53 3 0
mashed/app_git.go:323.53,325.3 1 0
mashed/app_git.go:326.2,331.39 4 0
mashed/app_git.go:331.39,333.3 1 0
mashed/app_git.go:334.2,341.26 6 0
mashed/app_git.go:341.26,343.3 1 0
mashed/app_git.go:346.2,350.57 3 0
mashed/app_git.go:350.57,354.23 4 0
mashed/app_git.go:354.23,356.4 1 0
mashed/app_git.go:358.3,361.53 2 0
mashed/app_git.go:361.53,363.4 1 0
mashed/app_git.go:365.3,365.32 1 0
mashed/app_git.go:365.32,367.4 1 0
mashed/app_git.go:370.3,384.20 7 0
mashed/app_git.go:384.20,386.4 1 0
mashed/app_git.go:386.9,388.29 1 0
mashed/app_git.go:388.29,390.5 1 0
mashed/app_git.go:391.4,391.44 1 0
mashed/app_git.go:395.3,396.56 2 0
mashed/app_git.go:396.56,398.4 1 0
mashed/app_git.go:401.3,405.29 5 0
mashed/app_git.go:405.29,407.4 1 0
mashed/app_git.go:408.3,411.108 3 0
mashed/app_git.go:414.2,414.23 1 0
mashed/app_git.go:419.115,427.51 4 0
mashed/app_git.go:427.51,429.16 2 0
mashed/app_git.go:429.16,432.4 2 0
mashed/app_git.go:436.2,443.52 5 0
mashed/app_git.go:443.52,445.16 2 0
mashed/app_git.go:445.16,448.4 2 0
mashed/app_git.go:452.2,453.55 2 0
mashed/app_git.go:453.55,455.3 1 0
mashed/app_git.go:456.2,457.17 2 0
mashed/app_git.go:462.58,464.2 1 0
mashed/app_git.go:470.51,471.68 1 0
mashed/app_git.go:471.68,480.3 1 0
mashed/app_git.go:482.2,482.12 1 0
mashed/app_git.go:482.12,483.67 1 0
mashed/app_git.go:483.67,485.4 1 0
mashed/app_git.go:486.3,486.17 1 0
mashed/app_git.go:486.17,490.53 2 0
mashed/app_git.go:490.53,493.5 2 0
mashed/app_git.go:496.4,503.59 5 0
mashed/app_git.go:503.59,505.5 1 0
mashed/app_git.go:507.4,508.10 2 0
mashed/app_git.go:511.3,511.39 1 0
mashed/app_git.go:517.65,519.16 2 0
mashed/app_git.go:519.16,521.3 1 0
mashed/app_git.go:524.2,525.54 2 0
mashed/app_git.go:525.54,527.3 1 0
mashed/app_git.go:529.2,529.17 1 0
mashed/app_git.go:535.56,536.20 1 0
mashed/app_git.go:536.20,538.3 1 0
mashed/app_git.go:540.2,542.16 3 0
mashed/app_git.go:542.16,547.44 2 0
mashed/app_git.go:547.44,549.4 1 0
mashed/app_git.go:550.3,550.58 1 0
mashed/app_git.go:552.2,552.18 1 0
mashed/app_git.go:557.61,558.20 1 0
mashed/app_git.go:558.20,560.3 1 0
mashed/app_git.go:562.2,564.16 3 0
mashed/app_git.go:564.16,566.3 1 0
mashed/app_git.go:567.2,567.44 1 0
mashed/app_git.go:571.56,572.20 1 0
mashed/app_git.go:572.20,574.3 1 0
mashed/app_git.go:575.2,577.16 3 0
mashed/app_git.go:577.16,579.3 1 0
mashed/app_git.go:580.2,580.44 1 0
mashed/app_git.go:586.92,587.42 1 0
mashed/app_git.go:587.42,589.3 1 0
mashed/app_git.go:592.2,594.16 3 0
mashed/app_git.go:594.16,596.3 1 0
mashed/app_git.go:597.2,599.34 2 0
mashed/app_git.go:599.34,601.3 1 0
mashed/app_git.go:604.2,604.16 1 0
mashed/app_git.go:604.16,605.50 1 0
mashed/app_git.go:605.50,606.59 1 0
mashed/app_git.go:606.59,608.5 1 0
mashed/app_git.go:613.2,614.58 2 0
mashed/app_git.go:614.58,616.3 1 0
mashed/app_git.go:619.2,621.21 3 0
mashed/app_git.go:621.21,626.3 3 0
mashed/app_git.go:628.2,628.74 1 0
mashed/app_git.go:633.67,635.16 2 0
mashed/app_git.go:635.16,637.3 1 0
mashed/app_git.go:640.2,642.16 3 0
mashed/app_git.go:642.16,644.3 1 0
mashed/app_git.go:645.2,649.55 3 0
mashed/app_git.go:649.55,651.28 2 0
mashed/app_git.go:651.28,653.9 2 0
mashed/app_git.go:656.2,656.22 1 0
mashed/app_git.go:656.22,658.3 1 0
mashed/app_git.go:660.2,663.27 4 0
mashed/app_git.go:663.27,665.3 1 0
mashed/app_git.go:668.2,680.32 6 0
mashed/app_git.go:680.32,682.3 1 0
mashed/app_git.go:685.2,686.53 2 0
mashed/app_git.go:686.53,691.3 3 0
mashed/app_git.go:692.2,692.23 1 0
mashed/app_git.go:692.23,694.3 1 0
mashed/app_git.go:697.2,704.16 4 0
mashed/app_git.go:704.16,706.3 1 0
mashed/app_git.go:708.2,708.46 1 0
mashed/app_git.go:712.69,714.2 1 0
mashed/app_git.go:717.76,719.2 1 0
mashed/app_git.go:722.64,723.20 1 0
mashed/app_git.go:723.20,725.3 1 0
mashed/app_git.go:727.2,729.16 3 0
mashed/app_git.go:729.16,731.3 1 0
mashed/app_git.go:732.2,734.29 3 0
mashed/app_git.go:734.29,736.17 2 0
mashed/app_git.go:736.17,738.4 1 0
mashed/app_git.go:740.2,741.19 2 0
mashed/app_git.go:745.53,746.16 1 0
mashed/app_git.go:746.16,748.3 1 0
mashed/app_git.go:749.2,749.50 1 0
mashed/app_git.go:753.53,755.16 2 0
mashed/app_git.go:755.16,757.3 1 0
mashed/app_git.go:759.2,759.27 1 0
mashed/app_git.go:759.27,761.3 1 0
mashed/app_git.go:762.2,762.26 1 0
mashed/app_git.go:768.36,769.30 1 0
mashed/app_git.go:770.14,771.21 1 0
mashed/app_git.go:772.23,773.22 1 0
mashed/app_git.go:774.14,775.21 1 0
mashed/app_git.go:776.14,777.25 1 0
mashed/app_git.go:778.15,779.22 1 0
mashed/app_git.go:780.14,781.21 1 0
mashed/app_git.go:782.14,783.24 1 0
mashed/app_git.go:784.10,785.36 1 0
mashed/app_git.go:790.59,791.16 1 0
mashed/app_git.go:791.16,793.3 1 0
mashed/app_git.go:795.2,796.16 2 0
mashed/app_git.go:796.16,798.3 1 0
mashed/app_git.go:799.2,799.36 1 0
mashed/app_git.go:799.36,801.3 1 0
mashed/app_git.go:803.2,804.16 2 0
mashed/app_git.go:804.16,806.3 1 0
mashed/app_git.go:808.2,809.93 2 0
mashed/app_git.go:813.71,816.16 3 0
mashed/app_git.go:816.16,820.20 3 0
mashed/app_git.go:820.20,822.4 1 0
mashed/app_git.go:823.3,823.58 1 0
mashed/app_git.go:825.2,825.25 1 0
mashed/app_git.go:829.73,832.16 3 0
mashed/app_git.go:832.16,834.3 1 0
mashed/app_git.go:835.2,835.26 1 0
mashed/app_git.go:835.26,837.3 1 0
mashed/app_git.go:838.2,838.25 1 0
mashed/app_git.go:842.40,845.36 3 0
mashed/app_git.go:845.36,846.27 1 0
mashed/app_git.go:846.27,848.9 2 0
mashed/app_git.go:855.62,860.16 4 0
mashed/app_git.go:860.16,862.3 1 0
mashed/app_git.go:863.2,864.20 2 0
mashed/app_git.go:864.20,866.3 1 0
mashed/app_git.go:868.2,875.88 3 0
mashed/app_review.go:47.77,49.2 1 0
mashed/app_review.go:53.56,54.12 1 0
mashed/app_review.go:54.12,56.69 1 0
mashed/app_review.go:56.69,63.4 2 0
mashed/app_review.go:64.3,67.52 2 0
mashed/app_review.go:67.52,74.4 2 0
mashed/app_review.go:77.3,78.17 2 0
mashed/app_review.go:78.17,85.4 2 0
mashed/app_review.go:87.3,88.22 2 0
mashed/app_review.go:88.22,95.4 2 0
mashed/app_review.go:98.3,98.34 1 0
mashed/app_review.go:98.34,100.4 1 0
mashed/app_review.go:102.3,107.30 5 0
mashed/app_review.go:107.30,109.11 1 0
mashed/app_review.go:110.24,116.11 2 0
mashed/app_review.go:117.12,117.12 0 0
mashed/app_review.go:120.4,127.21 2 0
mashed/app_review.go:127.21,129.5 1 0
mashed/app_review.go:129.10,131.23 2 0
mashed/app_review.go:131.23,133.6 1 0
mashed/app_review.go:133.11,137.26 4 0
mashed/app_review.go:137.26,139.7 1 0
mashed/app_review.go:139.12,141.7 1 0
mashed/app_review.go:145.4,155.6 4 0
mashed/app_review.go:158.3,166.5 1 0
mashed/app_review.go:172.55,173.12 1 0
mashed/app_review.go:173.12,174.63 1 0
mashed/app_review.go:174.63,181.4 1 0
mashed/app_review.go:184.3,185.17 2 0
mashed/app_review.go:185.17,188.4 2 0
mashed/app_review.go:191.3,193.17 3 0
mashed/app_review.go:193.17,196.4 2 0
mashed/app_review.go:198.3,198.24 1 0
mashed/app_review.go:198.24,201.4 2 0
mashed/app_review.go:203.3,210.17 5 0
mashed/app_review.go:210.17,213.4 2 0
mashed/app_review.go:215.3,215.37 1 0
mashed/app_review.go:215.37,218.4 2 0
mashed/app_review.go:220.3,221.22 2 0
mashed/app_review.go:221.22,223.4 1 0
mashed/app_review.go:225.3,225.36 1 0
mashed/app_review.go:225.36,228.4 2 0
mashed/app_review.go:230.3,230.29 1 0
mashed/app_review.go:235.58,237.28 2 1
mashed/app_review.go:237.28,239.3 1 1
mashed/app_review.go:240.2,240.67 1 1
mashed/app_review.go:244.59,252.2 1 1
mashed/app_review.go:255.61,265.2 1 1
mashed/app_review.go:268.113,276.16 6 0
mashed/app_review.go:276.16,278.3 1 0
mashed/app_review.go:279.2,279.44 1 0
mashed/app_scan.go:19.49,23.16 3 0
mashed/app_scan.go:23.16,26.3 2 0
mashed/app_scan.go:27.2,36.12 7 0
mashed/app_scan.go:40.26,46.6 4 0
mashed/app_scan.go:46.6,47.10 1 0
mashed/app_scan.go:48.23,49.10 1 0
mashed/app_scan.go:50.19,51.14 1 0
mashed/app_scan.go:59.49,60.46 1 0
mashed/app_scan.go:60.46,62.3 1 0
mashed/app_scan.go:63.2,63.73 1 0
mashed/app_scan.go:63.73,65.3 1 0
mashed/app_scan.go:66.2,66.11 1 0
mashed/app_scan.go:70.24,72.16 2 0
mashed/app_scan.go:72.16,75.3 2 0
mashed/app_scan.go:78.2,80.26 3 0
mashed/app_scan.go:80.26,82.3 1 0
mashed/app_scan.go:85.2,90.43 2 0
mashed/app_scan.go:90.43,92.3 1 0
mashed/app_scan.go:95.2,97.29 2 0
mashed/app_scan.go:97.29,99.17 2 0
mashed/app_scan.go:99.17,100.12 1 0
mashed/app_scan.go:103.3,103.102 1 0
mashed/app_scan.go:103.102,105.4 1 0
mashed/app_scan.go:107.3,107.63 1 0
mashed/app_scan.go:107.63,108.12 1 0
mashed/app_scan.go:111.3,114.18 4 0
mashed/app_scan.go:114.18,116.4 1 0
mashed/app_scan.go:119.3,121.24 3 0
mashed/app_scan.go:121.24,123.26 2 0
mashed/app_scan.go:123.26,125.5 1 0
mashed/app_scan.go:127.3,127.25 1 0
mashed/app_scan.go:127.25,129.4 1 0
mashed/app_scan.go:131.3,133.25 3 0
mashed/app_scan.go:133.25,135.4 1 0
mashed/app_scan.go:137.3,137.52 1 0
mashed/app_scan.go:137.52,139.4 1 0
mashed/app_scan.go:142.3,143.25 2 0
mashed/app_scan.go:143.25,145.4 1 0
mashed/app_scan.go:147.3,148.23 2 0
mashed/app_scan.go:148.23,149.12 1 0
mashed/app_scan.go:152.3,153.58 2 0
mashed/app_scan.go:153.58,155.4 1 0
mashed/app_scan.go:157.3,178.25 5 0
mashed/app_scan.go:178.25,179.46 1 0
mashed/app_scan.go:179.46,182.29 3 0
mashed/app_scan.go:182.29,184.6 1 0
mashed/app_scan.go:186.5,202.61 2 0
mashed/app_scan.go:209.2,211.36 3 0
mashed/app_scan.go:211.36,213.19 2 0
mashed/app_scan.go:213.19,215.4 1 0
mashed/app_scan.go:216.3,216.11 1 0
mashed/app_scan.go:216.11,218.4 1 0
mashed/app_scan.go:218.9,220.4 1 0
mashed/app_scan.go:222.2,226.43 3 0
mashed/app_sessions.go:15.31,17.16 2 0
mashed/app_sessions.go:17.16,20.3 2 0
mashed/app_sessions.go:22.2,22.6 1 0
mashed/app_sessions.go:22.6,23.10 1 0
mashed/app_sessions.go:24.23,25.10 1 0
mashed/app_sessions.go:26.22,27.11 1 0
mashed/app_sessions.go:27.11,29.5 1 0
mashed/app_sessions.go:31.4,31.14 1 0
mashed/app_sessions.go:37.81,39.41 2 0
mashed/app_sessions.go:39.41,41.3 1 0
mashed/app_sessions.go:42.2,43.16 2 0
mashed/app_sessions.go:43.16,45.3 1 0
mashed/app_sessions.go:46.2,46.13 1 0
mashed/app_sessions.go:50.72,52.16 2 0
mashed/app_sessions.go:52.16,54.3 1 0
mashed/app_sessions.go:56.2,59.32 3 0
mashed/app_sessions.go:59.32,60.62 1 0
mashed/app_sessions.go:60.62,61.12 1 0
mashed/app_sessions.go:63.3,64.17 2 0
mashed/app_sessions.go:64.17,65.12 1 0
mashed/app_sessions.go:67.3,67.38 1 0
mashed/app_sessions.go:67.38,70.4 2 0
mashed/app_sessions.go:73.2,73.22 1 0
mashed/app_sessions.go:73.22,75.3 1 0
mashed/app_sessions.go:77.2,78.16 2 0
mashed/app_sessions.go:78.16,81.3 2 0
mashed/app_sessions.go:82.2,82.13 1 0
mashed/app_sessions.go:86.37,87.6 1 0
mashed/app_sessions.go:87.6,88.10 1 0
mashed/app_sessions.go:89.23,90.10 1 0
mashed/app_sessions.go:91.39,92.11 1 0
mashed/app_sessions.go:92.11,94.5 1 0
mashed/app_sessions.go:95.4,97.38 3 0
mashed/app_sessions.go:97.38,98.33 1 0
mashed/app_sessions.go:98.33,101.11 3 0
mashed/app_sessions.go:104.4,104.14 1 0
mashed/app_sessions.go:104.14,106.5 1 0
mashed/app_sessions.go:107.4,107.52 1 0
mashed/app_sessions.go:107.52,109.5 1 0
mashed/app_sessions.go:110.4,110.17 1 0
mashed/app_sessions.go:116.93,118.16 2 0
mashed/app_sessions.go:118.16,120.3 1 0
mashed/app_sessions.go:123.2,129.32 3 0
mashed/app_sessions.go:129.32,130.62 1 0
mashed/app_sessions.go:130.62,131.12 1 0
mashed/app_sessions.go:133.3,134.17 2 0
mashed/app_sessions.go:134.17,135.12 1 0
mashed/app_sessions.go:137.3,142.5 2 0
mashed/app_sessions.go:146.2,146.40 1 0
mashed/app_sessions.go:146.40,148.3 1 0
mashed/app_sessions.go:151.2,151.26 1 0
mashed/app_sessions.go:151.26,152.21 1 0
mashed/app_sessions.go:152.21,153.12 1 0
mashed/app_sessions.go:155.3,156.17 2 0
mashed/app_sessions.go:156.17,157.12 1 0
mashed/app_sessions.go:159.3,160.14 2 0
mashed/app_sessions.go:162.2,162.12 1 0
mashed/app_sessions.go:166.72,167.29 1 0
mashed/app_sessions.go:167.29,169.3 1 0
mashed/app_sessions.go:171.2,172.32 2 0
mashed/app_sessions.go:172.32,174.3 1 0
mashed/app_sessions.go:177.2,177.70 1 0
mashed/app_sessions.go:177.70,179.3 1 0
mashed/app_sessions.go:182.2,182.28 1 0
mashed/app_sessions.go:182.28,184.3 1 0
mashed/app_sessions.go:187.2,187.41 1 0
mashed/app_sessions.go:187.41,189.34 1 0
mashed/app_sessions.go:189.34,191.4 1 0
mashed/app_sessions.go:192.3,192.27 1 0
mashed/app_sessions.go:195.2,195.29 1 0
mashed/app_spawn.go:18.124,23.82 4 0
mashed/app_spawn.go:23.82,25.3 1 0
mashed/app_spawn.go:27.2,41.25 5 0
mashed/app_spawn.go:46.73,47.20 1 0
mashed/app_spawn.go:47.20,49.3 1 0
mashed/app_spawn.go:50.2,50.17 1 0
mashed/app_spawn.go:50.17,52.3 1 0
mashed/app_spawn.go:53.2,54.76 2 0
mashed/app_spawn.go:59.79,60.37 1 0
mashed/app_spawn.go:60.37,62.3 1 0
mashed/app_spawn.go:63.2,63.77 1 0
mashed/app_spawn.go:68.62,69.20 1 0
mashed/app_spawn.go:69.20,71.3 1 0
mashed/app_spawn.go:72.2,72.73 1 0
mashed/app_spawn.go:76.61,77.41 1 0
mashed/app_spawn.go:77.41,79.3 1 0
mashed/app_spawn.go:80.2,82.17 3 0
mashed/app_spawn.go:82.17,84.3 1 0
mashed/app_spawn.go:86.2,87.22 2 0
mashed/app_spawn.go:87.22,89.3 1 0
mashed/app_spawn.go:90.2,90.14 1 0
mashed/app_spawn.go:96.75,98.36 2 0
mashed/app_spawn.go:98.36,99.49 1 0
mashed/app_spawn.go:99.49,101.9 2 0
mashed/app_spawn.go:104.2,106.22 2 0
mashed/app_spawn.go:106.22,108.54 2 0
mashed/app_spawn.go:108.54,110.4 1 0
mashed/app_spawn.go:113.3,113.53 1 0
mashed/app_spawn.go:113.53,115.4 1 0
mashed/app_spawn.go:117.3,117.35 1 0
mashed/app_spawn.go:121.2,121.13 1 0
mashed/app_spawn.go:121.13,123.17 2 0
mashed/app_spawn.go:123.17,124.52 1 0
mashed/app_spawn.go:124.52,126.5 1 0
mashed/app_spawn.go:131.2,134.36 4 0
mashed/app_spawn.go:134.36,135.27 1 0
mashed/app_spawn.go:135.27,136.12 1 0
mashed/app_spawn.go:138.3,138.49 1 0
mashed/app_spawn.go:138.49,140.12 2 0
mashed/app_spawn.go:142.3,142.29 1 0
mashed/app_spawn.go:144.2,149.12 4 0
mashed/app_terminal_registry.go:16.34,16.35 0 0
mashed/app_terminal_registry.go:20.67,22.58 2 0
mashed/app_terminal_registry.go:22.58,24.17 2 0
mashed/app_terminal_registry.go:24.17,25.12 1 0
mashed/app_terminal_registry.go:28.3,31.10 3 0
mashed/app_terminal_registry.go:32.48,34.50 2 0
mashed/app_terminal_registry.go:35.45,37.47 2 0
mashed/app_terminal_registry.go:38.11,39.12 1 0
mashed/app_terminal_registry.go:42.3,50.10 3 0
mashed/app_terminal_registry.go:52.2,52.14 1 0
mashed/app_terminal_registry.go:57.55,60.19 3 0
mashed/app_terminal_registry.go:60.19,62.3 1 0
mashed/app_terminal_registry.go:63.2,63.24 1 0
mashed/app_terminal_registry.go:78.63,82.2 3 0
mashed/app_terminal_registry.go:85.53,89.18 4 0
mashed/app_terminal_registry.go:89.18,91.3 1 0
mashed/app_terminal_registry.go:96.74,97.20 1 0
mashed/app_terminal_registry.go:97.20,99.3 1 0
mashed/app_terminal_registry.go:103.2,105.42 3 0
mashed/app_terminal_registry.go:105.42,106.32 1 0
mashed/app_terminal_registry.go:106.32,108.4 1 0
mashed/app_terminal_registry.go:110.2,114.34 4 0
mashed/app_terminal_registry.go:114.34,115.42 1 0
mashed/app_terminal_registry.go:115.42,118.4 2 0
mashed/app_terminal_registry.go:118.9,120.4 1 0
mashed/app_terminal_registry.go:124.2,124.19 1 0
mashed/app_terminal_registry.go:124.19,126.29 2 0
mashed/app_terminal_registry.go:126.29,128.4 1 0
mashed/app_terminal_registry.go:129.3,129.16 1 0
mashed/app_terminal_registry.go:132.2,132.40 1 0
mashed/app_terminal_registry.go:132.40,134.3 1 0
mashed/app_terminal_registry.go:136.2,136.18 1 0
mashed/app_terminal_registry.go:136.18,138.3 1 0
mashed/app_terminal_registry.go:139.2,139.14 1 0
mashed/app_terminal_registry.go:145.61,149.13 4 0
mashed/app_terminal_registry.go:149.13,151.3 1 0
mashed/app_terminal_registry.go:153.2,153.52 1 0
mashed/app_terminal_registry.go:153.52,155.3 1 0
mashed/app_terminal_registry.go:157.2,158.12 2 0
mashed/font_scanner.go:84.26,90.2 2 0
mashed/font_scanner.go:93.35,96.2 2 0
mashed/font_scanner.go:100.52,106.63 2 0
mashed/font_scanner.go:106.63,108.3 1 0
mashed/font_scanner.go:110.2,110.44 1 0
mashed/font_scanner.go:110.44,112.3 1 0
mashed/font_scanner.go:115.2,115.40 1 0
mashed/font_scanner.go:115.40,120.3 3 0
mashed/font_scanner.go:122.2,122.18 1 0
mashed/font_scanner.go:143.24,146.16 2 0
mashed/font_scanner.go:146.16,150.69 3 0
mashed/font_scanner.go:150.69,152.4 1 0
mashed/font_scanner.go:155.2,155.16 1 0
mashed/font_scanner.go:159.36,161.2 1 0
mashed/font_scanner.go:164.36,167.2 2 0
mashed/font_scanner.go:170.37,171.45 1 0
mashed/font_scanner.go:172.16,173.17 1 0
mashed/font_scanner.go:174.14,175.20 1 0
mashed/font_scanner.go:176.10,177.20 1 0
mashed/font_scanner.go:206.64,208.36 2 0
mashed/font_scanner.go:208.36,209.41 1 0
mashed/font_scanner.go:209.41,211.4 1 0
mashed/font_scanner.go:213.2,213.24 1 0
mashed/font_scanner.go:217.45,219.8 2 0
mashed/font_scanner.go:219.8,221.3 1 0
mashed/font_scanner.go:222.2,223.36 2 0
mashed/font_scanner.go:223.36,225.3 1 0
mashed/font_scanner.go:226.2,226.13 1 0
mashed/font_scanner.go:230.87,240.2 3 0
mashed/font_scanner.go:243.75,245.16 2 0
mashed/font_scanner.go:245.16,247.3 1 0
mashed/font_scanner.go:248.2,250.27 2 0
mashed/font_scanner.go:250.27,252.48 2 0
mashed/font_scanner.go:252.48,253.12 1 0
mashed/font_scanner.go:255.3,256.17 2 0
mashed/font_scanner.go:256.17,257.12 1 0
mashed/font_scanner.go:259.3,261.17 3 0
mashed/font_scanner.go:261.17,262.12 1 0
mashed/font_scanner.go:264.3,264.42 1 0
mashed/font_scanner.go:270.50,273.16 3 0
mashed/font_scanner.go:273.16,275.3 1 0
mashed/font_scanner.go:277.2,278.32 2 0
mashed/font_scanner.go:278.32,279.20 1 0
mashed/font_scanner.go:279.20,280.12 1 0
mashed/font_scanner.go:282.3,285.60 2 0
mashed/font_scanner.go:285.60,287.12 2 0
mashed/font_scanner.go:291.3,291.32 1 0
mashed/font_scanner.go:291.32,292.12 1 0
mashed/font_scanner.go:294.3,295.17 2 0
mashed/font_scanner.go:295.17,296.12 1 0
mashed/font_scanner.go:298.3,298.50 1 0
mashed/font_scanner.go:301.2,302.38 2 0
mashed/font_scanner.go:302.38,304.3 1 0
mashed/font_scanner.go:305.2,305.41 1 0
mashed/font_scanner.go:305.41,307.3 1 0
mashed/font_scanner.go:308.2,308.15 1 0
mashed/font_scanner.go:312.47,315.33 2 0
mashed/font_scanner.go:315.33,317.17 2 0
mashed/font_scanner.go:317.17,318.12 1 0
mashed/font_scanner.go:320.3,320.33 1 0
mashed/font_scanner.go:320.33,321.50 1 0
mashed/font_scanner.go:321.50,322.13 1 0
mashed/font_scanner.go:324.4,325.11 2 0
mashed/font_scanner.go:325.11,326.13 1 0
mashed/font_scanner.go:328.4,328.42 1 0
mashed/font_scanner.go:328.42,330.5 1 0
mashed/font_scanner.go:334.2,335.33 2 0
mashed/font_scanner.go:335.33,337.3 1 0
mashed/font_scanner.go:338.2,338.41 1 0
mashed/font_scanner.go:338.41,340.3 1 0
mashed/font_scanner.go:341.2,341.15 1 0
mashed/main.go:30.37,34.66 3 1
mashed/main.go:34.66,36.3 1 0
mashed/main.go:37.2,38.81 2 1
mashed/main.go:38.81,40.3 1 0
mashed/main.go:41.2,42.81 2 1
mashed/main.go:42.81,44.3 1 0
mashed/main.go:46.2,47.77 2 1
mashed/main.go:47.77,49.3 1 0
mashed/main.go:50.2,50.115 1 1
mashed/main.go:50.115,52.3 1 0
mashed/main.go:53.2,54.85 2 1
mashed/main.go:54.85,56.17 2 0
mashed/main.go:56.17,58.4 1 0
mashed/main.go:60.2,61.113 2 1
mashed/main.go:61.113,66.15 5 0
mashed/main.go:66.15,69.4 2 0
mashed/main.go:70.3,70.55 1 0
mashed/main.go:70.55,72.4 1 0
mashed/main.go:75.2,78.72 3 1
mashed/main.go:78.72,80.3 1 0
mashed/main.go:81.2,81.77 1 1
mashed/main.go:81.77,83.3 1 0
mashed/main.go:84.2,85.76 2 1
mashed/main.go:85.76,87.3 1 0
mashed/main.go:88.2,88.117 1 1
mashed/main.go:88.117,90.3 1 0
mashed/main.go:92.2,93.68 2 1
mashed/main.go:93.68,95.3 1 0
mashed/main.go:97.2,97.16 1 1
mashed/main.go:103.33,104.39 1 0
mashed/main.go:104.39,106.47 2 0
mashed/main.go:106.47,108.4 1 0
mashed/main.go:110.2,110.45 1 0
mashed/main.go:110.45,112.47 2 0
mashed/main.go:112.47,114.4 1 0
mashed/main.go:116.2,117.11 2 0
mashed/main.go:121.61,123.34 2 0
mashed/main.go:123.34,124.42 1 0
mashed/main.go:124.42,126.4 1 0
mashed/main.go:127.3,127.36 1 0
mashed/main.go:129.2,129.14 1 0
mashed/main.go:132.13,138.22 4 0
mashed/main.go:138.22,150.43 6 0
mashed/main.go:150.43,152.4 1 0
mashed/main.go:152.9,153.46 1 0
mashed/main.go:153.46,155.19 2 0
mashed/main.go:155.19,157.6 1 0
mashed/main.go:157.11,159.6 1 0
mashed/main.go:160.10,162.5 1 0
mashed/main.go:166.2,169.15 2 0
mashed/main.go:169.15,170.26 1 0
mashed/main.go:170.26,172.4 1 0
mashed/main.go:173.3,173.51 1 0
mashed/main.go:173.51,176.4 2 0
mashed/main.go:179.2,205.16 2 0
mashed/main.go:205.16,207.3 1 0
mashed/theme_scanner.go:19.37,21.2 1 0
mashed/theme_scanner.go:25.76,27.21 2 0
mashed/theme_scanner.go:27.21,29.3 1 0
mashed/theme_scanner.go:30.2,30.33 1 0
mashed/theme_scanner.go:34.62,36.2 1 0
mashed/theme_scanner.go:39.71,40.28 1 0
mashed/theme_scanner.go:40.28,41.21 1 0
mashed/theme_scanner.go:41.21,42.39 1 0
mashed/theme_scanner.go:42.39,44.5 1 0
mashed/theme_scanner.go:45.4,46.18 2 0
mashed/theme_scanner.go:46.18,48.5 1 0
mashed/theme_scanner.go:49.4,50.25 2 0
mashed/theme_scanner.go:53.2,53.62 1 0
mashed/theme_scanner.go:59.41,60.24 1 0
mashed/theme_scanner.go:60.24,61.26 1 0
mashed/theme_scanner.go:61.26,63.4 1 0
mashed/theme_scanner.go:64.3,64.33 1 0
mashed/theme_scanner.go:64.33,65.45 1 0
mashed/theme_scanner.go:65.45,67.5 1 0
mashed/theme_scanner.go:70.2,70.31 1 0
mashed/theme_scanner.go:70.31,75.3 4 0
mashed/theme_scanner.go:76.2,76.22 1 0
mashed/theme_scanner.go:76.22,78.3 1 0
mashed/theme_scanner.go:79.2,79.22 1 0
mashed/theme_scanner.go:79.22,81.3 1 0
mashed/theme_scanner.go:86.38,87.17 1 0
mashed/theme_scanner.go:87.17,89.17 2 0
mashed/theme_scanner.go:89.17,91.4 1 0
mashed/theme_scanner.go:92.3,92.14 1 0
mashed/theme_scanner.go:94.2,94.35 1 0
mashed/theme_scanner.go:94.35,96.17 2 0
mashed/theme_scanner.go:96.17,98.4 1 0
mashed/theme_scanner.go:99.3,99.39 1 0
mashed/theme_scanner.go:101.2,101.13 1 0
mashed/theme_scanner.go:106.37,111.12 4 0
mashed/theme_scanner.go:111.12,113.21 1 0
mashed/theme_scanner.go:113.21,116.14 3 0
mashed/theme_scanner.go:116.14,117.35 1 0
mashed/theme_scanner.go:117.35,120.14 3 0
mashed/theme_scanner.go:122.5,122.23 1 0
mashed/theme_scanner.go:122.23,125.11 3 0
mashed/theme_scanner.go:127.5,128.8 2 0
mashed/theme_scanner.go:130.4,130.12 1 0
mashed/theme_scanner.go:134.3,134.52 1 0
mashed/theme_scanner.go:134.52,137.33 2 0
mashed/theme_scanner.go:137.33,139.5 1 0
mashed/theme_scanner.go:140.4,140.12 1 0
mashed/theme_scanner.go:144.3,144.52 1 0
mashed/theme_scanner.go:144.52,146.16 2 0
mashed/theme_scanner.go:146.16,147.43 1 0
mashed/theme_scanner.go:147.43,149.11 2 0
mashed/theme_scanner.go:151.5,151.8 1 0
mashed/theme_scanner.go:153.4,153.12 1 0
mashed/theme_scanner.go:156.3,157.6 2 0
mashed/theme_scanner.go:161.2,162.12 2 0
mashed/theme_scanner.go:166.46,170.25 3 0
mashed/theme_scanner.go:170.25,171.21 1 0
mashed/theme_scanner.go:171.21,174.91 2 0
mashed/theme_scanner.go:174.91,176.5 1 0
mashed/theme_scanner.go:177.4,177.51 1 0
mashed/theme_scanner.go:177.51,180.92 1 0
mashed/theme_scanner.go:180.92,182.6 1 0
mashed/theme_scanner.go:183.5,183.13 1 0
mashed/theme_scanner.go:186.3,186.35 1 0
mashed/theme_scanner.go:188.2,188.15 1 0
mashed/theme_scanner.go:205.64,207.16 2 0
mashed/theme_scanner.go:207.16,209.3 1 0
mashed/theme_scanner.go:211.2,213.32 2 0
mashed/theme_scanner.go:213.32,214.20 1 0
mashed/theme_scanner.go:214.20,215.12 1 0
mashed/theme_scanner.go:217.3,217.65 1 0
mashed/theme_scanner.go:217.65,218.12 1 0
mashed/theme_scanner.go:221.3,225.17 4 0
mashed/theme_scanner.go:225.17,227.12 2 0
mashed/theme_scanner.go:230.3,232.17 3 0
mashed/theme_scanner.go:232.17,233.12 1 0
mashed/theme_scanner.go:236.3,237.55 2 0
mashed/theme_scanner.go:237.55,238.12 1 0
mashed/theme_scanner.go:241.3,241.44 1 0
mashed/theme_scanner.go:241.44,242.60 1 0
mashed/theme_scanner.go:242.60,243.13 1 0
mashed/theme_scanner.go:247.4,257.6 4 0
mashed/theme_scanner.go:261.2,261.41 1 0
mashed/theme_scanner.go:261.41,263.3 1 0
mashed/theme_scanner.go:265.2,265.20 1 0
mashed/theme_scanner.go:270.64,273.18 3 0
mashed/theme_scanner.go:273.18,275.3 1 0
mashed/theme_scanner.go:278.2,282.16 3 0
mashed/theme_scanner.go:282.16,284.3 1 0
mashed/theme_scanner.go:285.2,285.19 1 0
mashed/theme_scanner.go:285.19,287.3 1 0
mashed/theme_scanner.go:289.2,289.34 1 0
mashed/theme_scanner.go:295.32,297.45 1 0
mashed/theme_scanner.go:297.45,299.60 2 0
mashed/theme_scanner.go:299.60,301.4 1 0
mashed/theme_scanner.go:305.2,305.39 1 0
mashed/theme_scanner.go:305.39,307.60 2 0
mashed/theme_scanner.go:307.60,309.4 1 0
mashed/theme_scanner.go:312.2,312.11 1 0
mashed/theme_scanner.go:318.63,320.15 2 0
mashed/theme_scanner.go:320.15,322.3 1 0
mashed/theme_scanner.go:323.2,323.31 1 0
mashed/theme_scanner.go:329.70,330.21 1 0
mashed/theme_scanner.go:330.21,332.3 1 0
mashed/theme_scanner.go:334.2,335.9 2 0
mashed/theme_scanner.go:335.9,337.3 1 0
mashed/theme_scanner.go:339.2,339.59 1 0
mashed/theme_scanner.go:346.88,347.15 1 0
mashed/theme_scanner.go:347.15,350.3 2 0
mashed/theme_scanner.go:352.2,353.16 2 0
mashed/theme_scanner.go:353.16,355.3 1 0
mashed/theme_scanner.go:356.2,359.16 3 0
mashed/theme_scanner.go:359.16,361.3 1 0
mashed/theme_scanner.go:363.2,366.54 3 0
mashed/theme_scanner.go:366.54,368.3 1 0
mashed/theme_scanner.go:370.2,370.25 1 0
mashed/theme_scanner.go:370.25,377.17 5 0
mashed/theme_scanner.go:377.17,379.4 1 0
mashed/theme_scanner.go:379.9,381.71 2 0
mashed/theme_scanner.go:381.71,383.5 1 0
mashed/theme_scanner.go:387.2,389.16 3 0
mashed/theme_scanner.go:389.16,391.3 1 0
mashed/theme_scanner.go:392.2,392.28 1 0
mashed/theme_scanner.go:407.63,410.18 3 0
mashed/theme_scanner.go:410.18,412.3 1 0
mashed/theme_scanner.go:413.2,415.32 2 0
mashed/theme_scanner.go:415.32,417.10 2 0
mashed/theme_scanner.go:417.10,419.4 1 0
mashed/theme_scanner.go:420.3,420.64 1 0
mashed/theme_scanner.go:423.2,423.55 1 0
mashed/theme_scanner.go:426.91,427.15 1 0
mashed/theme_scanner.go:427.15,430.3 2 0
mashed/theme_scanner.go:433.2,434.16 2 0
mashed/theme_scanner.go:434.16,436.3 1 0
mashed/theme_scanner.go:437.2,438.16 2 0
mashed/theme_scanner.go:438.16,440.3 1 0
mashed/theme_scanner.go:443.2,443.92 1 0
mashed/theme_scanner.go:443.92,445.3 1 0
mashed/theme_scanner.go:448.2,449.16 2 0
mashed/theme_scanner.go:449.16,451.3 1 0
mashed/theme_scanner.go:452.2,452.28 1 0
mashed/theme_scanner.go:452.28,454.3 1 0
mashed/theme_scanner.go:456.2,457.16 2 0
mashed/theme_scanner.go:457.16,459.3 1 0
mashed/theme_scanner.go:462.2,466.54 3 0
mashed/theme_scanner.go:466.54,469.3 1 0
mashed/theme_scanner.go:472.2,472.25 1 0
mashed/theme_scanner.go:472.25,478.17 4 0
mashed/theme_scanner.go:478.17,480.4 1 0
mashed/theme_scanner.go:480.9,482.71 2 0
mashed/theme_scanner.go:482.71,484.5 1 0
mashed/theme_scanner.go:489.2,493.16 3 0
mashed/theme_scanner.go:493.16,495.3 1 0
mashed/theme_scanner.go:496.2,496.28 1 0
mashed/theme_scanner.go:501.99,504.16 2 0
mashed/theme_scanner.go:504.16,506.3 1 0
mashed/theme_scanner.go:507.2,508.16 2 0
mashed/theme_scanner.go:508.16,510.3 1 0
mashed/theme_scanner.go:511.2,511.66 1 0
mashed/theme_scanner.go:511.66,513.3 1 0
mashed/theme_scanner.go:515.2,515.62 1 0
mashed/theme_scanner.go:519.56,525.2 5 0
