[       2ms] [LOG] Queueing: runtime:ready @ http://localhost:34115/wails/ipc.js:6
[       3ms] [LOG] %c wails dev %c Connected to backend  background: #aa0000; color: #fff; border-radius: 3px 0px 0px 3px; padding: 1px; font-size: 0.7rem background: #009900; color: #fff; border-radius: 0px 3px 3px 0px; padding: 1px; font-size: 0.7rem @ http://localhost:34115/wails/ipc.js:0
[       3ms] [LOG] sending queued message: runtime:ready @ http://localhost:34115/wails/ipc.js:6
[     104ms] [ERROR] Failed to load resource: the server responded with a status of 404 (Not Found) @ http://localhost:34115/favicon.ico:0
[  269872ms] [LOG] Queueing: runtime:ready @ http://localhost:34115/wails/ipc.js:6
[  269873ms] [LOG] %c wails dev %c Connected to backend  background: #aa0000; color: #fff; border-radius: 3px 0px 0px 3px; padding: 1px; font-size: 0.7rem background: #009900; color: #fff; border-radius: 0px 3px 3px 0px; padding: 1px; font-size: 0.7rem @ http://localhost:34115/wails/ipc.js:0
[  269873ms] [LOG] sending queued message: runtime:ready @ http://localhost:34115/wails/ipc.js:6
[  272738ms] [LOG] drillDown called with: term-1775092915426 term-mashed-1775092915:0.0 @ http://localhost:34115/src/App.svelte?t=1775092838614:450
[  378201ms] [LOG] [vite] server connection lost. polling for restart... @ http://localhost:34115/@vite/client:260
[  378201ms] [LOG] %c wails dev %c Disconnected from backend  background: #aa0000; color: #fff; border-radius: 3px 0px 0px 3px; padding: 1px; font-size: 0.7rem background: #009900; color: #fff; border-radius: 0px 3px 3px 0px; padding: 1px; font-size: 0.7rem @ http://localhost:34115/wails/ipc.js:0
[  378205ms] [ERROR] Failed to load resource: net::ERR_CONNECTION_REFUSED @ http://localhost:34115/:0
[  378205ms] [ERROR] WebSocket connection to 'ws://localhost:34115/wails/ipc' failed: Error in connection establishment: net::ERR_CONNECTION_REFUSED @ http://localhost:34115/wails/ipc.js:6
[  378705ms] [LOG] %c wails dev %c Connected to backend  background: #aa0000; color: #fff; border-radius: 3px 0px 0px 3px; padding: 1px; font-size: 0.7rem background: #009900; color: #fff; border-radius: 0px 3px 3px 0px; padding: 1px; font-size: 0.7rem @ http://localhost:34115/wails/ipc.js:0
[  379243ms] [LOG] Queueing: runtime:ready @ http://localhost:34115/wails/ipc.js:6
[  379246ms] [LOG] %c wails dev %c Connected to backend  background: #aa0000; color: #fff; border-radius: 3px 0px 0px 3px; padding: 1px; font-size: 0.7rem background: #009900; color: #fff; border-radius: 0px 3px 3px 0px; padding: 1px; font-size: 0.7rem @ http://localhost:34115/wails/ipc.js:0
[  379246ms] [LOG] sending queued message: runtime:ready @ http://localhost:34115/wails/ipc.js:6
[  389012ms] [LOG] drillDown called with: pid-84041  @ http://localhost:34115/src/App.svelte?t=1775093018645:450
[  405014ms] [LOG] drillDown called with: term-1775093047702 term-mashed-1775093047:0.0 @ http://localhost:34115/src/App.svelte?t=1775093018645:450
[  588574ms] [LOG] drillDown called with: pid-63054  @ http://localhost:34115/src/App.svelte?t=1775093196671:462
[  626993ms] [LOG] Queueing: runtime:ready @ http://localhost:34115/wails/ipc.js:6
[  626993ms] [LOG] %c wails dev %c Connected to backend  background: #aa0000; color: #fff; border-radius: 3px 0px 0px 3px; padding: 1px; font-size: 0.7rem background: #009900; color: #fff; border-radius: 0px 3px 3px 0px; padding: 1px; font-size: 0.7rem @ http://localhost:34115/wails/ipc.js:0
[  626993ms] [LOG] sending queued message: runtime:ready @ http://localhost:34115/wails/ipc.js:6
[  635213ms] [LOG] drillDown called with: term-1775093277901 term-esurfr-1775093277:0.0 @ http://localhost:34115/src/App.svelte?t=1775093241759:462
[  650540ms] [LOG] drillDown called with: term-1775093277901 term-esurfr-1775093277:0.0 @ http://localhost:34115/src/App.svelte?t=1775093241759:462
[  657680ms] [LOG] drillDown called with: term-1775093277901 term-esurfr-1775093277:0.0 @ http://localhost:34115/src/App.svelte?t=1775093241759:462
[ 2935763ms] [LOG] drillDown called with: pid-17846 conductor-surf-seer-1775094306:0.0 @ http://localhost:34115/src/App.svelte?t=1775095340086:462
[ 2962630ms] [LOG] Spawning in repo: /Users/linus/Development/mashed @ http://localhost:34115/src/views/NotificationFeed.svelte?t=1775095340086:2926
[ 2962647ms] [LOG] SpawnAgent returned target: conductor-mashed-1775095605:0.0 @ http://localhost:34115/src/views/NotificationFeed.svelte?t=1775095340086:2928
[ 2962647ms] [LOG] drillDown called with: spawned-1775095605335 conductor-mashed-1775095605:0.0 @ http://localhost:34115/src/App.svelte?t=1775095340086:462
[ 2977433ms] [LOG] Spawning in repo: /Users/linus/Development/mashed @ http://localhost:34115/src/views/NotificationFeed.svelte?t=1775095340086:2926
[ 2977443ms] [LOG] SpawnAgent returned target: conductor-mashed-1775095620:0.0 @ http://localhost:34115/src/views/NotificationFeed.svelte?t=1775095340086:2928
[ 2977443ms] [LOG] drillDown called with: spawned-1775095620132 conductor-mashed-1775095620:0.0 @ http://localhost:34115/src/App.svelte?t=1775095340086:462
[ 2985428ms] [LOG] drillDown called with: pid-79680 conductor-mashed-1775095605:0.0 @ http://localhost:34115/src/App.svelte?t=1775095340086:462
[ 3099354ms] [LOG] drillDown called with: spawned-1775095605335 conductor-mashed-1775095605:0.0 @ http://localhost:34115/src/App.svelte?t=1775095340086:462
[ 3110664ms] [LOG] drillDown called with: pid-79680 conductor-mashed-1775095605:0.0 @ http://localhost:34115/src/App.svelte?t=1775095340086:462
[ 3136381ms] [LOG] Queueing: runtime:ready @ http://localhost:34115/wails/ipc.js:6
[ 3136382ms] [LOG] %c wails dev %c Connected to backend  background: #aa0000; color: #fff; border-radius: 3px 0px 0px 3px; padding: 1px; font-size: 0.7rem background: #009900; color: #fff; border-radius: 0px 3px 3px 0px; padding: 1px; font-size: 0.7rem @ http://localhost:34115/wails/ipc.js:0
[ 3136382ms] [LOG] sending queued message: runtime:ready @ http://localhost:34115/wails/ipc.js:6
[ 3140409ms] [LOG] drillDown called with: pid-79680 conductor-mashed-1775095605:0.0 @ http://localhost:34115/src/App.svelte?t=1775095412814:462
[ 3147460ms] [LOG] drillDown called with: pid-80906 conductor-mashed-1775095620:0.0 @ http://localhost:34115/src/App.svelte?t=1775095412814:462
[ 3382335ms] [LOG] [vite] server connection lost. polling for restart... @ http://localhost:34115/@vite/client:260
[ 3382335ms] [LOG] %c wails dev %c Disconnected from backend  background: #aa0000; color: #fff; border-radius: 3px 0px 0px 3px; padding: 1px; font-size: 0.7rem background: #009900; color: #fff; border-radius: 0px 3px 3px 0px; padding: 1px; font-size: 0.7rem @ http://localhost:34115/wails/ipc.js:0
[ 3382340ms] [ERROR] Failed to load resource: net::ERR_CONNECTION_REFUSED @ http://localhost:34115/:0
[ 3382341ms] [ERROR] WebSocket connection to 'ws://localhost:34115/wails/ipc' failed: Error in connection establishment: net::ERR_CONNECTION_REFUSED @ http://localhost:34115/wails/ipc.js:6
[ 3382838ms] [LOG] %c wails dev %c Connected to backend  background: #aa0000; color: #fff; border-radius: 3px 0px 0px 3px; padding: 1px; font-size: 0.7rem background: #009900; color: #fff; border-radius: 0px 3px 3px 0px; padding: 1px; font-size: 0.7rem @ http://localhost:34115/wails/ipc.js:0
[ 3383444ms] [LOG] Queueing: runtime:ready @ http://localhost:34115/wails/ipc.js:6
[ 3383444ms] [LOG] %c wails dev %c Connected to backend  background: #aa0000; color: #fff; border-radius: 3px 0px 0px 3px; padding: 1px; font-size: 0.7rem background: #009900; color: #fff; border-radius: 0px 3px 3px 0px; padding: 1px; font-size: 0.7rem @ http://localhost:34115/wails/ipc.js:0
[ 3383444ms] [LOG] sending queued message: runtime:ready @ http://localhost:34115/wails/ipc.js:6
[ 4580745ms] [LOG] [vite] server connection lost. polling for restart... @ http://localhost:34115/@vite/client:260
[ 4580745ms] [LOG] %c wails dev %c Disconnected from backend  background: #aa0000; color: #fff; border-radius: 3px 0px 0px 3px; padding: 1px; font-size: 0.7rem background: #009900; color: #fff; border-radius: 0px 3px 3px 0px; padding: 1px; font-size: 0.7rem @ http://localhost:34115/wails/ipc.js:0
[ 4580749ms] [ERROR] Failed to load resource: net::ERR_CONNECTION_REFUSED @ http://localhost:34115/:0
[ 4580749ms] [ERROR] WebSocket connection to 'ws://localhost:34115/wails/ipc' failed: Error in connection establishment: net::ERR_CONNECTION_REFUSED @ http://localhost:34115/wails/ipc.js:6
[ 4581250ms] [LOG] %c wails dev %c Connected to backend  background: #aa0000; color: #fff; border-radius: 3px 0px 0px 3px; padding: 1px; font-size: 0.7rem background: #009900; color: #fff; border-radius: 0px 3px 3px 0px; padding: 1px; font-size: 0.7rem @ http://localhost:34115/wails/ipc.js:0
[ 4581798ms] [LOG] Queueing: runtime:ready @ http://localhost:34115/wails/ipc.js:6
[ 4581798ms] [LOG] %c wails dev %c Connected to backend  background: #aa0000; color: #fff; border-radius: 3px 0px 0px 3px; padding: 1px; font-size: 0.7rem background: #009900; color: #fff; border-radius: 0px 3px 3px 0px; padding: 1px; font-size: 0.7rem @ http://localhost:34115/wails/ipc.js:0
[ 4581798ms] [LOG] sending queued message: runtime:ready @ http://localhost:34115/wails/ipc.js:6
[ 7206967ms] [LOG] [vite] server connection lost. polling for restart... @ http://localhost:34115/@vite/client:260
[ 7206968ms] [LOG] %c wails dev %c Disconnected from backend  background: #aa0000; color: #fff; border-radius: 3px 0px 0px 3px; padding: 1px; font-size: 0.7rem background: #009900; color: #fff; border-radius: 0px 3px 3px 0px; padding: 1px; font-size: 0.7rem @ http://localhost:34115/wails/ipc.js:0
[ 7206971ms] [ERROR] Failed to load resource: net::ERR_CONNECTION_REFUSED @ http://localhost:34115/:0
[ 7206971ms] [ERROR] WebSocket connection to 'ws://localhost:34115/wails/ipc' failed: Error in connection establishment: net::ERR_CONNECTION_REFUSED @ http://localhost:34115/wails/ipc.js:6
[ 7207471ms] [LOG] %c wails dev %c Connected to backend  background: #aa0000; color: #fff; border-radius: 3px 0px 0px 3px; padding: 1px; font-size: 0.7rem background: #009900; color: #fff; border-radius: 0px 3px 3px 0px; padding: 1px; font-size: 0.7rem @ http://localhost:34115/wails/ipc.js:0
[ 7208183ms] [LOG] Queueing: runtime:ready @ http://localhost:34115/wails/ipc.js:6
[ 7208187ms] [LOG] %c wails dev %c Connected to backend  background: #aa0000; color: #fff; border-radius: 3px 0px 0px 3px; padding: 1px; font-size: 0.7rem background: #009900; color: #fff; border-radius: 0px 3px 3px 0px; padding: 1px; font-size: 0.7rem @ http://localhost:34115/wails/ipc.js:0
[ 7208187ms] [LOG] sending queued message: runtime:ready @ http://localhost:34115/wails/ipc.js:6
[ 7314536ms] [LOG] [vite] server connection lost. polling for restart... @ http://localhost:34115/@vite/client:260
[ 7314536ms] [LOG] %c wails dev %c Disconnected from backend  background: #aa0000; color: #fff; border-radius: 3px 0px 0px 3px; padding: 1px; font-size: 0.7rem background: #009900; color: #fff; border-radius: 0px 3px 3px 0px; padding: 1px; font-size: 0.7rem @ http://localhost:34115/wails/ipc.js:0
[ 7314540ms] [ERROR] Failed to load resource: net::ERR_CONNECTION_REFUSED @ http://localhost:34115/:0
[ 7314540ms] [ERROR] WebSocket connection to 'ws://localhost:34115/wails/ipc' failed: Error in connection establishment: net::ERR_CONNECTION_REFUSED @ http://localhost:34115/wails/ipc.js:6
[ 7315039ms] [LOG] %c wails dev %c Connected to backend  background: #aa0000; color: #fff; border-radius: 3px 0px 0px 3px; padding: 1px; font-size: 0.7rem background: #009900; color: #fff; border-radius: 0px 3px 3px 0px; padding: 1px; font-size: 0.7rem @ http://localhost:34115/wails/ipc.js:0
[ 7315612ms] [LOG] Queueing: runtime:ready @ http://localhost:34115/wails/ipc.js:6
[ 7315613ms] [LOG] %c wails dev %c Connected to backend  background: #aa0000; color: #fff; border-radius: 3px 0px 0px 3px; padding: 1px; font-size: 0.7rem background: #009900; color: #fff; border-radius: 0px 3px 3px 0px; padding: 1px; font-size: 0.7rem @ http://localhost:34115/wails/ipc.js:0
[ 7315613ms] [LOG] sending queued message: runtime:ready @ http://localhost:34115/wails/ipc.js:6
[ 7486801ms] [LOG] [vite] server connection lost. polling for restart... @ http://localhost:34115/@vite/client:260
[ 7486802ms] [LOG] %c wails dev %c Disconnected from backend  background: #aa0000; color: #fff; border-radius: 3px 0px 0px 3px; padding: 1px; font-size: 0.7rem background: #009900; color: #fff; border-radius: 0px 3px 3px 0px; padding: 1px; font-size: 0.7rem @ http://localhost:34115/wails/ipc.js:0
[ 7486806ms] [ERROR] WebSocket connection to 'ws://localhost:34115/wails/ipc' failed: Error during WebSocket handshake: net::ERR_CONNECTION_RESET @ http://localhost:34115/wails/ipc.js:6
[ 7486806ms] [ERROR] Failed to load resource: net::ERR_CONNECTION_REFUSED @ http://localhost:34115/:0
[ 7487305ms] [LOG] %c wails dev %c Connected to backend  background: #aa0000; color: #fff; border-radius: 3px 0px 0px 3px; padding: 1px; font-size: 0.7rem background: #009900; color: #fff; border-radius: 0px 3px 3px 0px; padding: 1px; font-size: 0.7rem @ http://localhost:34115/wails/ipc.js:0
[ 7487867ms] [LOG] Queueing: runtime:ready @ http://localhost:34115/wails/ipc.js:6
[ 7487870ms] [LOG] %c wails dev %c Connected to backend  background: #aa0000; color: #fff; border-radius: 3px 0px 0px 3px; padding: 1px; font-size: 0.7rem background: #009900; color: #fff; border-radius: 0px 3px 3px 0px; padding: 1px; font-size: 0.7rem @ http://localhost:34115/wails/ipc.js:0
[ 7487870ms] [LOG] sending queued message: runtime:ready @ http://localhost:34115/wails/ipc.js:6
[ 7514293ms] [LOG] [vite] server connection lost. polling for restart... @ http://localhost:34115/@vite/client:260
[ 7514294ms] [LOG] %c wails dev %c Disconnected from backend  background: #aa0000; color: #fff; border-radius: 3px 0px 0px 3px; padding: 1px; font-size: 0.7rem background: #009900; color: #fff; border-radius: 0px 3px 3px 0px; padding: 1px; font-size: 0.7rem @ http://localhost:34115/wails/ipc.js:0
[ 7514300ms] [ERROR] WebSocket connection to 'ws://localhost:34115/wails/ipc' failed: Error during WebSocket handshake: net::ERR_CONNECTION_RESET @ http://localhost:34115/wails/ipc.js:6
[ 7514301ms] [ERROR] Failed to load resource: net::ERR_CONNECTION_RESET @ http://localhost:34115/:0
[ 7514796ms] [ERROR] WebSocket connection to 'ws://localhost:34115/wails/ipc' failed: Error in connection establishment: net::ERR_CONNECTION_REFUSED @ http://localhost:34115/wails/ipc.js:6
[ 7515296ms] [ERROR] WebSocket connection to 'ws://localhost:34115/wails/ipc' failed: Error in connection establishment: net::ERR_CONNECTION_REFUSED @ http://localhost:34115/wails/ipc.js:6
[ 7515303ms] [ERROR] Failed to load resource: net::ERR_CONNECTION_REFUSED @ http://localhost:34115/:0
[ 7515797ms] [ERROR] WebSocket connection to 'ws://localhost:34115/wails/ipc' failed: Error in connection establishment: net::ERR_CONNECTION_REFUSED @ http://localhost:34115/wails/ipc.js:6
[ 7516296ms] [ERROR] WebSocket connection to 'ws://localhost:34115/wails/ipc' failed: Error in connection establishment: net::ERR_CONNECTION_REFUSED @ http://localhost:34115/wails/ipc.js:6
[ 7516305ms] [ERROR] Failed to load resource: net::ERR_CONNECTION_REFUSED @ http://localhost:34115/:0
[ 7516796ms] [ERROR] WebSocket connection to 'ws://localhost:34115/wails/ipc' failed: Error in connection establishment: net::ERR_CONNECTION_REFUSED @ http://localhost:34115/wails/ipc.js:6
[ 7517296ms] [ERROR] WebSocket connection to 'ws://localhost:34115/wails/ipc' failed: Error in connection establishment: net::ERR_CONNECTION_REFUSED @ http://localhost:34115/wails/ipc.js:6
[ 7517307ms] [ERROR] Failed to load resource: net::ERR_CONNECTION_REFUSED @ http://localhost:34115/:0
[ 7517796ms] [ERROR] WebSocket connection to 'ws://localhost:34115/wails/ipc' failed: Error in connection establishment: net::ERR_CONNECTION_REFUSED @ http://localhost:34115/wails/ipc.js:6
[ 7517956ms] [ERROR] TypeError: Cannot read properties of null (reading 'send')
    at nt (http://localhost:34115/wails/ipc.js:7:1275)
    at window.WailsInvoke (http://localhost:34115/wails/ipc.js:7:1007)
    at http://localhost:34115/wails/runtime.js:191:16
    at new Promise (<anonymous>)
    at Call (http://localhost:34115/wails/runtime.js:169:12)
    at Object.dynamic [as RepoStatus] (http://localhost:34115/wails/runtime.js:272:22)
    at RepoStatus (http://localhost:34115/wailsjs/go/main/App.js?t=1775100126694:90:51)
    at refreshRepoStatuses (http://localhost:34115/src/views/NotificationFeed.svelte?t=1775100126694:3155:26) @ http://localhost:34115/wails/runtime.js:192
[ 7518297ms] [ERROR] WebSocket connection to 'ws://localhost:34115/wails/ipc' failed: Error in connection establishment: net::ERR_CONNECTION_REFUSED @ http://localhost:34115/wails/ipc.js:6
[ 7518310ms] [ERROR] Failed to load resource: net::ERR_CONNECTION_REFUSED @ http://localhost:34115/:0
[ 7518796ms] [ERROR] WebSocket connection to 'ws://localhost:34115/wails/ipc' failed: Error in connection establishment: net::ERR_CONNECTION_REFUSED @ http://localhost:34115/wails/ipc.js:6
[ 7519297ms] [ERROR] WebSocket connection to 'ws://localhost:34115/wails/ipc' failed: Error in connection establishment: net::ERR_CONNECTION_REFUSED @ http://localhost:34115/wails/ipc.js:6
[ 7519313ms] [ERROR] Failed to load resource: net::ERR_CONNECTION_REFUSED @ http://localhost:34115/:0
[ 7519796ms] [ERROR] WebSocket connection to 'ws://localhost:34115/wails/ipc' failed: Error in connection establishment: net::ERR_CONNECTION_REFUSED @ http://localhost:34115/wails/ipc.js:6
[ 7520296ms] [ERROR] WebSocket connection to 'ws://localhost:34115/wails/ipc' failed: Error in connection establishment: net::ERR_CONNECTION_REFUSED @ http://localhost:34115/wails/ipc.js:6
[ 7520317ms] [ERROR] Failed to load resource: net::ERR_CONNECTION_REFUSED @ http://localhost:34115/:0
[ 7520795ms] [ERROR] WebSocket connection to 'ws://localhost:34115/wails/ipc' failed: Error in connection establishment: net::ERR_CONNECTION_REFUSED @ http://localhost:34115/wails/ipc.js:6
[ 7521297ms] [ERROR] WebSocket connection to 'ws://localhost:34115/wails/ipc' failed: Error in connection establishment: net::ERR_CONNECTION_REFUSED @ http://localhost:34115/wails/ipc.js:6
[ 7521320ms] [ERROR] Failed to load resource: net::ERR_CONNECTION_REFUSED @ http://localhost:34115/:0
[ 7521796ms] [ERROR] WebSocket connection to 'ws://localhost:34115/wails/ipc' failed: Error in connection establishment: net::ERR_CONNECTION_REFUSED @ http://localhost:34115/wails/ipc.js:6
[ 7522298ms] [ERROR] WebSocket connection to 'ws://localhost:34115/wails/ipc' failed: Error in connection establishment: net::ERR_CONNECTION_REFUSED @ http://localhost:34115/wails/ipc.js:6
[ 7522322ms] [ERROR] Failed to load resource: net::ERR_CONNECTION_REFUSED @ http://localhost:34115/:0
[ 7522796ms] [ERROR] WebSocket connection to 'ws://localhost:34115/wails/ipc' failed: Error in connection establishment: net::ERR_CONNECTION_REFUSED @ http://localhost:34115/wails/ipc.js:6
[ 7523296ms] [ERROR] WebSocket connection to 'ws://localhost:34115/wails/ipc' failed: Error in connection establishment: net::ERR_CONNECTION_REFUSED @ http://localhost:34115/wails/ipc.js:6
[ 7523325ms] [ERROR] Failed to load resource: net::ERR_CONNECTION_REFUSED @ http://localhost:34115/:0
[ 7523800ms] [ERROR] WebSocket connection to 'ws://localhost:34115/wails/ipc' failed: Error in connection establishment: net::ERR_CONNECTION_REFUSED @ http://localhost:34115/wails/ipc.js:6
[ 7524299ms] [ERROR] WebSocket connection to 'ws://localhost:34115/wails/ipc' failed: Error in connection establishment: net::ERR_CONNECTION_REFUSED @ http://localhost:34115/wails/ipc.js:6
[ 7524327ms] [ERROR] Failed to load resource: net::ERR_CONNECTION_REFUSED @ http://localhost:34115/:0
[ 7524797ms] [ERROR] WebSocket connection to 'ws://localhost:34115/wails/ipc' failed: Error in connection establishment: net::ERR_CONNECTION_REFUSED @ http://localhost:34115/wails/ipc.js:6
[ 7525299ms] [ERROR] WebSocket connection to 'ws://localhost:34115/wails/ipc' failed: Error in connection establishment: net::ERR_CONNECTION_REFUSED @ http://localhost:34115/wails/ipc.js:6
[ 7525331ms] [ERROR] Failed to load resource: net::ERR_CONNECTION_REFUSED @ http://localhost:34115/:0
[ 7525803ms] [ERROR] WebSocket connection to 'ws://localhost:34115/wails/ipc' failed: Error in connection establishment: net::ERR_CONNECTION_REFUSED @ http://localhost:34115/wails/ipc.js:6
[ 7526303ms] [ERROR] WebSocket connection to 'ws://localhost:34115/wails/ipc' failed: Error in connection establishment: net::ERR_CONNECTION_REFUSED @ http://localhost:34115/wails/ipc.js:6
[ 7526334ms] [ERROR] Failed to load resource: net::ERR_CONNECTION_REFUSED @ http://localhost:34115/:0
[ 7526804ms] [ERROR] WebSocket connection to 'ws://localhost:34115/wails/ipc' failed: Error in connection establishment: net::ERR_CONNECTION_REFUSED @ http://localhost:34115/wails/ipc.js:6
[ 7527299ms] [ERROR] WebSocket connection to 'ws://localhost:34115/wails/ipc' failed: Error in connection establishment: net::ERR_CONNECTION_REFUSED @ http://localhost:34115/wails/ipc.js:6
[ 7527338ms] [ERROR] Failed to load resource: net::ERR_CONNECTION_REFUSED @ http://localhost:34115/:0
[ 7527804ms] [ERROR] WebSocket connection to 'ws://localhost:34115/wails/ipc' failed: Error in connection establishment: net::ERR_CONNECTION_REFUSED @ http://localhost:34115/wails/ipc.js:6
[ 7527955ms] [ERROR] TypeError: Cannot read properties of null (reading 'send')
    at nt (http://localhost:34115/wails/ipc.js:7:1275)
    at window.WailsInvoke (http://localhost:34115/wails/ipc.js:7:1007)
    at http://localhost:34115/wails/runtime.js:191:16
    at new Promise (<anonymous>)
    at Call (http://localhost:34115/wails/runtime.js:169:12)
    at Object.dynamic [as RepoStatus] (http://localhost:34115/wails/runtime.js:272:22)
    at RepoStatus (http://localhost:34115/wailsjs/go/main/App.js?t=1775100126694:90:51)
    at refreshRepoStatuses (http://localhost:34115/src/views/NotificationFeed.svelte?t=1775100126694:3155:26) @ http://localhost:34115/wails/runtime.js:192
[ 7528316ms] [ERROR] WebSocket connection to 'ws://localhost:34115/wails/ipc' failed: Error in connection establishment: net::ERR_CONNECTION_REFUSED @ http://localhost:34115/wails/ipc.js:6
[ 7528340ms] [ERROR] Failed to load resource: net::ERR_CONNECTION_REFUSED @ http://localhost:34115/:0
[ 7528800ms] [ERROR] WebSocket connection to 'ws://localhost:34115/wails/ipc' failed: Error in connection establishment: net::ERR_CONNECTION_REFUSED @ http://localhost:34115/wails/ipc.js:6
[ 7529313ms] [ERROR] WebSocket connection to 'ws://localhost:34115/wails/ipc' failed: Error in connection establishment: net::ERR_CONNECTION_REFUSED @ http://localhost:34115/wails/ipc.js:6
[ 7529344ms] [ERROR] Failed to load resource: net::ERR_CONNECTION_REFUSED @ http://localhost:34115/:0
[ 7529827ms] [ERROR] WebSocket connection to 'ws://localhost:34115/wails/ipc' failed: Error in connection establishment: net::ERR_CONNECTION_REFUSED @ http://localhost:34115/wails/ipc.js:6
[ 7530317ms] [ERROR] WebSocket connection to 'ws://localhost:34115/wails/ipc' failed: Error in connection establishment: net::ERR_CONNECTION_REFUSED @ http://localhost:34115/wails/ipc.js:6
[ 7530347ms] [ERROR] Failed to load resource: net::ERR_CONNECTION_REFUSED @ http://localhost:34115/:0
[ 7530814ms] [ERROR] WebSocket connection to 'ws://localhost:34115/wails/ipc' failed: Error in connection establishment: net::ERR_CONNECTION_REFUSED @ http://localhost:34115/wails/ipc.js:6
[ 7531319ms] [ERROR] WebSocket connection to 'ws://localhost:34115/wails/ipc' failed: Error in connection establishment: net::ERR_CONNECTION_REFUSED @ http://localhost:34115/wails/ipc.js:6
[ 7531350ms] [ERROR] Failed to load resource: net::ERR_CONNECTION_REFUSED @ http://localhost:34115/:0
[ 7531846ms] [ERROR] WebSocket connection to 'ws://localhost:34115/wails/ipc' failed: Error in connection establishment: net::ERR_CONNECTION_REFUSED @ http://localhost:34115/wails/ipc.js:6
[ 7532354ms] [ERROR] WebSocket connection to 'ws://localhost:34115/wails/ipc' failed: Error in connection establishment: net::ERR_CONNECTION_REFUSED @ http://localhost:34115/wails/ipc.js:6
[ 7532354ms] [ERROR] Failed to load resource: net::ERR_CONNECTION_REFUSED @ http://localhost:34115/:0
[ 7532844ms] [ERROR] WebSocket connection to 'ws://localhost:34115/wails/ipc' failed: Error in connection establishment: net::ERR_CONNECTION_REFUSED @ http://localhost:34115/wails/ipc.js:6
[ 7533340ms] [ERROR] WebSocket connection to 'ws://localhost:34115/wails/ipc' failed: Error in connection establishment: net::ERR_CONNECTION_REFUSED @ http://localhost:34115/wails/ipc.js:6
[ 7533358ms] [ERROR] Failed to load resource: net::ERR_CONNECTION_REFUSED @ http://localhost:34115/:0
[ 7533907ms] [ERROR] WebSocket connection to 'ws://localhost:34115/wails/ipc' failed: Error in connection establishment: net::ERR_CONNECTION_REFUSED @ http://localhost:34115/wails/ipc.js:6
[ 7534360ms] [ERROR] Failed to load resource: net::ERR_CONNECTION_REFUSED @ http://localhost:34115/:0
[ 7534421ms] [ERROR] WebSocket connection to 'ws://localhost:34115/wails/ipc' failed: Error in connection establishment: net::ERR_CONNECTION_REFUSED @ http://localhost:34115/wails/ipc.js:6
[ 7534921ms] [ERROR] WebSocket connection to 'ws://localhost:34115/wails/ipc' failed: Error in connection establishment: net::ERR_CONNECTION_REFUSED @ http://localhost:34115/wails/ipc.js:6
[ 7535364ms] [ERROR] Failed to load resource: net::ERR_CONNECTION_REFUSED @ http://localhost:34115/:0
[ 7535413ms] [ERROR] WebSocket connection to 'ws://localhost:34115/wails/ipc' failed: Error in connection establishment: net::ERR_CONNECTION_REFUSED @ http://localhost:34115/wails/ipc.js:6
[ 7536041ms] [ERROR] WebSocket connection to 'ws://localhost:34115/wails/ipc' failed: Error in connection establishment: net::ERR_CONNECTION_REFUSED @ http://localhost:34115/wails/ipc.js:6
[ 7536366ms] [ERROR] Failed to load resource: net::ERR_CONNECTION_REFUSED @ http://localhost:34115/:0
[ 7536592ms] [ERROR] WebSocket connection to 'ws://localhost:34115/wails/ipc' failed: Error in connection establishment: net::ERR_CONNECTION_REFUSED @ http://localhost:34115/wails/ipc.js:6
[ 7536940ms] [ERROR] WebSocket connection to 'ws://localhost:34115/wails/ipc' failed: Error in connection establishment: net::ERR_CONNECTION_REFUSED @ http://localhost:34115/wails/ipc.js:6
[ 7537368ms] [ERROR] Failed to load resource: net::ERR_CONNECTION_REFUSED @ http://localhost:34115/:0
[ 7537443ms] [ERROR] WebSocket connection to 'ws://localhost:34115/wails/ipc' failed: Error in connection establishment: net::ERR_CONNECTION_REFUSED @ http://localhost:34115/wails/ipc.js:6
[ 7537955ms] [ERROR] InvalidStateError: Failed to execute 'send' on 'WebSocket': Still in CONNECTING state.
    at nt (http://localhost:34115/wails/ipc.js:7:1275)
    at window.WailsInvoke (http://localhost:34115/wails/ipc.js:7:1007)
    at http://localhost:34115/wails/runtime.js:191:16
    at new Promise (<anonymous>)
    at Call (http://localhost:34115/wails/runtime.js:169:12)
    at Object.dynamic [as RepoStatus] (http://localhost:34115/wails/runtime.js:272:22)
    at RepoStatus (http://localhost:34115/wailsjs/go/main/App.js?t=1775100126694:90:51)
    at refreshRepoStatuses (http://localhost:34115/src/views/NotificationFeed.svelte?t=1775100126694:3155:26) @ http://localhost:34115/wails/runtime.js:192
[ 7538249ms] [ERROR] WebSocket connection to 'ws://localhost:34115/wails/ipc' failed: Error in connection establishment: net::ERR_CONNECTION_REFUSED @ http://localhost:34115/wails/ipc.js:6
[ 7538370ms] [ERROR] Failed to load resource: net::ERR_CONNECTION_REFUSED @ http://localhost:34115/:0
[ 7538849ms] [ERROR] WebSocket connection to 'ws://localhost:34115/wails/ipc' failed: Error in connection establishment: net::ERR_CONNECTION_REFUSED @ http://localhost:34115/wails/ipc.js:6
[ 7539374ms] [ERROR] Failed to load resource: net::ERR_CONNECTION_REFUSED @ http://localhost:34115/:0
[ 7539627ms] [ERROR] WebSocket connection to 'ws://localhost:34115/wails/ipc' failed: Error in connection establishment: net::ERR_CONNECTION_REFUSED @ http://localhost:34115/wails/ipc.js:6
[ 7540377ms] [ERROR] WebSocket connection to 'ws://localhost:34115/wails/ipc' failed: Error in connection establishment: net::ERR_CONNECTION_REFUSED @ http://localhost:34115/wails/ipc.js:6
[ 7540377ms] [ERROR] Failed to load resource: net::ERR_CONNECTION_REFUSED @ http://localhost:34115/:0
[ 7541221ms] [ERROR] WebSocket connection to 'ws://localhost:34115/wails/ipc' failed: Error in connection establishment: net::ERR_CONNECTION_REFUSED @ http://localhost:34115/wails/ipc.js:6
[ 7541380ms] [ERROR] Failed to load resource: net::ERR_CONNECTION_REFUSED @ http://localhost:34115/:0
[ 7542179ms] [ERROR] WebSocket connection to 'ws://localhost:34115/wails/ipc' failed: Error in connection establishment: net::ERR_CONNECTION_REFUSED @ http://localhost:34115/wails/ipc.js:6
[ 7542383ms] [ERROR] Failed to load resource: net::ERR_CONNECTION_REFUSED @ http://localhost:34115/:0
[ 7543095ms] [ERROR] WebSocket connection to 'ws://localhost:34115/wails/ipc' failed: Error in connection establishment: net::ERR_CONNECTION_REFUSED @ http://localhost:34115/wails/ipc.js:6
[ 7543386ms] [ERROR] Failed to load resource: net::ERR_CONNECTION_REFUSED @ http://localhost:34115/:0
[ 7543676ms] [ERROR] WebSocket connection to 'ws://localhost:34115/wails/ipc' failed: Error in connection establishment: net::ERR_CONNECTION_REFUSED @ http://localhost:34115/wails/ipc.js:6
[ 7544389ms] [ERROR] Failed to load resource: net::ERR_CONNECTION_REFUSED @ http://localhost:34115/:0
[ 7545025ms] [ERROR] WebSocket connection to 'ws://localhost:34115/wails/ipc' failed: Error in connection establishment: net::ERR_CONNECTION_REFUSED @ http://localhost:34115/wails/ipc.js:6
[ 7545391ms] [ERROR] Failed to load resource: net::ERR_CONNECTION_REFUSED @ http://localhost:34115/:0
[ 7546393ms] [ERROR] Failed to load resource: net::ERR_CONNECTION_REFUSED @ http://localhost:34115/:0
[ 7547258ms] [ERROR] WebSocket connection to 'ws://localhost:34115/wails/ipc' failed: Error in connection establishment: net::ERR_CONNECTION_REFUSED @ http://localhost:34115/wails/ipc.js:6
[ 7547395ms] [ERROR] Failed to load resource: net::ERR_CONNECTION_REFUSED @ http://localhost:34115/:0
[ 7547956ms] [ERROR] InvalidStateError: Failed to execute 'send' on 'WebSocket': Still in CONNECTING state.
    at nt (http://localhost:34115/wails/ipc.js:7:1275)
    at window.WailsInvoke (http://localhost:34115/wails/ipc.js:7:1007)
    at http://localhost:34115/wails/runtime.js:191:16
    at new Promise (<anonymous>)
    at Call (http://localhost:34115/wails/runtime.js:169:12)
    at Object.dynamic [as RepoStatus] (http://localhost:34115/wails/runtime.js:272:22)
    at RepoStatus (http://localhost:34115/wailsjs/go/main/App.js?t=1775100126694:90:51)
    at refreshRepoStatuses (http://localhost:34115/src/views/NotificationFeed.svelte?t=1775100126694:3155:26) @ http://localhost:34115/wails/runtime.js:192
[ 7548399ms] [ERROR] Failed to load resource: net::ERR_CONNECTION_REFUSED @ http://localhost:34115/:0
[ 7549105ms] [ERROR] WebSocket connection to 'ws://localhost:34115/wails/ipc' failed: Error in connection establishment: net::ERR_CONNECTION_REFUSED @ http://localhost:34115/wails/ipc.js:6
[ 7549402ms] [ERROR] Failed to load resource: net::ERR_CONNECTION_REFUSED @ http://localhost:34115/:0
[ 7550405ms] [ERROR] Failed to load resource: net::ERR_CONNECTION_REFUSED @ http://localhost:34115/:0
[ 7551171ms] [ERROR] WebSocket connection to 'ws://localhost:34115/wails/ipc' failed: Error in connection establishment: net::ERR_CONNECTION_REFUSED @ http://localhost:34115/wails/ipc.js:6
[ 7551407ms] [ERROR] Failed to load resource: net::ERR_CONNECTION_REFUSED @ http://localhost:34115/:0
[ 7552410ms] [ERROR] Failed to load resource: net::ERR_CONNECTION_REFUSED @ http://localhost:34115/:0
[ 7553413ms] [ERROR] Failed to load resource: net::ERR_CONNECTION_REFUSED @ http://localhost:34115/:0
[ 7554415ms] [ERROR] Failed to load resource: net::ERR_CONNECTION_REFUSED @ http://localhost:34115/:0
[ 7555417ms] [ERROR] Failed to load resource: net::ERR_CONNECTION_REFUSED @ http://localhost:34115/:0
[ 7555897ms] [ERROR] WebSocket connection to 'ws://localhost:34115/wails/ipc' failed: Error in connection establishment: net::ERR_CONNECTION_REFUSED @ http://localhost:34115/wails/ipc.js:6
[ 7556419ms] [ERROR] Failed to load resource: net::ERR_CONNECTION_REFUSED @ http://localhost:34115/:0
[ 7557495ms] [WARNING] WebSocket connection to 'ws://localhost:34115/wails/ipc' failed: WebSocket is closed before the connection is established. @ http://localhost:34115/wails/ipc.js:6
[ 7557583ms] [LOG] Queueing: runtime:ready @ http://localhost:34115/wails/ipc.js:6
[ 7557677ms] [LOG] Queueing: C{"name":"main.App.GetDevDir","args":[],"callbackID":"main.App.GetDevDir-3105294423"} @ http://localhost:34115/wails/ipc.js:6
[ 7562087ms] [LOG] %c wails dev %c Connected to backend  background: #aa0000; color: #fff; border-radius: 3px 0px 0px 3px; padding: 1px; font-size: 0.7rem background: #009900; color: #fff; border-radius: 0px 3px 3px 0px; padding: 1px; font-size: 0.7rem @ http://localhost:34115/wails/ipc.js:0
[ 7562087ms] [LOG] sending queued message: runtime:ready @ http://localhost:34115/wails/ipc.js:6
[ 7562087ms] [LOG] sending queued message: C{"name":"main.App.GetDevDir","args":[],"callbackID":"main.App.GetDevDir-3105294423"} @ http://localhost:34115/wails/ipc.js:6
[ 7653692ms] [LOG] Queueing: runtime:ready @ http://localhost:34115/wails/ipc.js:6
[ 7653747ms] [LOG] %c wails dev %c Connected to backend  background: #aa0000; color: #fff; border-radius: 3px 0px 0px 3px; padding: 1px; font-size: 0.7rem background: #009900; color: #fff; border-radius: 0px 3px 3px 0px; padding: 1px; font-size: 0.7rem @ http://localhost:34115/wails/ipc.js:0
[ 7653747ms] [LOG] sending queued message: runtime:ready @ http://localhost:34115/wails/ipc.js:6
