[      66ms] [LOG] %c wails dev %c Connected to backend  background: #aa0000; color: #fff; border-radius: 3px 0px 0px 3px; padding: 1px; font-size: 0.7rem background: #009900; color: #fff; border-radius: 0px 3px 3px 0px; padding: 1px; font-size: 0.7rem @ http://localhost:34115/wails/ipc.js:0
[   79834ms] [ERROR] WebSocket connection to 'ws://127.0.0.1:58321/ws/conductor-surf-seer-1775079622%3A0.0' failed: Error during WebSocket handshake: Unexpected response code: 404 @ http://localhost:34115/src/components/Terminal.svelte:176
[  146381ms] [LOG] [vite] server connection lost. polling for restart... @ http://localhost:34115/@vite/client:260
[  146382ms] [LOG] %c wails dev %c Disconnected from backend  background: #aa0000; color: #fff; border-radius: 3px 0px 0px 3px; padding: 1px; font-size: 0.7rem background: #009900; color: #fff; border-radius: 0px 3px 3px 0px; padding: 1px; font-size: 0.7rem @ http://localhost:34115/wails/ipc.js:0
[  146391ms] [ERROR] WebSocket connection to 'ws://localhost:34115/wails/ipc' failed: Error during WebSocket handshake: net::ERR_CONNECTION_RESET @ http://localhost:34115/wails/ipc.js:6
[  146392ms] [ERROR] Failed to load resource: net::ERR_CONNECTION_REFUSED @ http://localhost:34115/:0
[  146884ms] [LOG] %c wails dev %c Connected to backend  background: #aa0000; color: #fff; border-radius: 3px 0px 0px 3px; padding: 1px; font-size: 0.7rem background: #009900; color: #fff; border-radius: 0px 3px 3px 0px; padding: 1px; font-size: 0.7rem @ http://localhost:34115/wails/ipc.js:0
[  147463ms] [LOG] Queueing: runtime:ready @ http://localhost:34115/wails/ipc.js:6
[  147467ms] [LOG] %c wails dev %c Connected to backend  background: #aa0000; color: #fff; border-radius: 3px 0px 0px 3px; padding: 1px; font-size: 0.7rem background: #009900; color: #fff; border-radius: 0px 3px 3px 0px; padding: 1px; font-size: 0.7rem @ http://localhost:34115/wails/ipc.js:0
[  147467ms] [LOG] sending queued message: runtime:ready @ http://localhost:34115/wails/ipc.js:6
[  189524ms] [LOG] [vite] server connection lost. polling for restart... @ http://localhost:34115/@vite/client:260
[  189525ms] [LOG] %c wails dev %c Disconnected from backend  background: #aa0000; color: #fff; border-radius: 3px 0px 0px 3px; padding: 1px; font-size: 0.7rem background: #009900; color: #fff; border-radius: 0px 3px 3px 0px; padding: 1px; font-size: 0.7rem @ http://localhost:34115/wails/ipc.js:0
[  189527ms] [ERROR] Failed to load resource: net::ERR_CONNECTION_REFUSED @ http://localhost:34115/:0
[  189528ms] [ERROR] WebSocket connection to 'ws://localhost:34115/wails/ipc' failed: Error in connection establishment: net::ERR_CONNECTION_REFUSED @ http://localhost:34115/wails/ipc.js:6
[  190028ms] [LOG] %c wails dev %c Connected to backend  background: #aa0000; color: #fff; border-radius: 3px 0px 0px 3px; padding: 1px; font-size: 0.7rem background: #009900; color: #fff; border-radius: 0px 3px 3px 0px; padding: 1px; font-size: 0.7rem @ http://localhost:34115/wails/ipc.js:0
[  190565ms] [LOG] Queueing: runtime:ready @ http://localhost:34115/wails/ipc.js:6
[  190568ms] [LOG] %c wails dev %c Connected to backend  background: #aa0000; color: #fff; border-radius: 3px 0px 0px 3px; padding: 1px; font-size: 0.7rem background: #009900; color: #fff; border-radius: 0px 3px 3px 0px; padding: 1px; font-size: 0.7rem @ http://localhost:34115/wails/ipc.js:0
[  190568ms] [LOG] sending queued message: runtime:ready @ http://localhost:34115/wails/ipc.js:6
[  205769ms] [LOG] [vite] server connection lost. polling for restart... @ http://localhost:34115/@vite/client:260
[  205769ms] [LOG] %c wails dev %c Disconnected from backend  background: #aa0000; color: #fff; border-radius: 3px 0px 0px 3px; padding: 1px; font-size: 0.7rem background: #009900; color: #fff; border-radius: 0px 3px 3px 0px; padding: 1px; font-size: 0.7rem @ http://localhost:34115/wails/ipc.js:0
[  205778ms] [ERROR] WebSocket connection to 'ws://localhost:34115/wails/ipc' failed: Error during WebSocket handshake: net::ERR_CONNECTION_RESET @ http://localhost:34115/wails/ipc.js:6
[  205778ms] [ERROR] Failed to load resource: net::ERR_CONNECTION_REFUSED @ http://localhost:34115/:0
[  206272ms] [ERROR] WebSocket connection to 'ws://localhost:34115/wails/ipc' failed: Error in connection establishment: net::ERR_CONNECTION_REFUSED @ http://localhost:34115/wails/ipc.js:6
[  206772ms] [ERROR] WebSocket connection to 'ws://localhost:34115/wails/ipc' failed: Error in connection establishment: net::ERR_CONNECTION_REFUSED @ http://localhost:34115/wails/ipc.js:6
[  206780ms] [ERROR] Failed to load resource: net::ERR_CONNECTION_REFUSED @ http://localhost:34115/:0
[  207272ms] [ERROR] WebSocket connection to 'ws://localhost:34115/wails/ipc' failed: Error in connection establishment: net::ERR_CONNECTION_REFUSED @ http://localhost:34115/wails/ipc.js:6
[  207771ms] [ERROR] WebSocket connection to 'ws://localhost:34115/wails/ipc' failed: Error in connection establishment: net::ERR_CONNECTION_REFUSED @ http://localhost:34115/wails/ipc.js:6
[  207782ms] [ERROR] Failed to load resource: net::ERR_CONNECTION_REFUSED @ http://localhost:34115/:0
[  208270ms] [ERROR] WebSocket connection to 'ws://localhost:34115/wails/ipc' failed: Error in connection establishment: net::ERR_CONNECTION_REFUSED @ http://localhost:34115/wails/ipc.js:6
[  208771ms] [ERROR] WebSocket connection to 'ws://localhost:34115/wails/ipc' failed: Error in connection establishment: net::ERR_CONNECTION_REFUSED @ http://localhost:34115/wails/ipc.js:6
[  208784ms] [ERROR] Failed to load resource: net::ERR_CONNECTION_REFUSED @ http://localhost:34115/:0
[  209272ms] [ERROR] WebSocket connection to 'ws://localhost:34115/wails/ipc' failed: Error in connection establishment: net::ERR_CONNECTION_REFUSED @ http://localhost:34115/wails/ipc.js:6
[  209771ms] [ERROR] WebSocket connection to 'ws://localhost:34115/wails/ipc' failed: Error in connection establishment: net::ERR_CONNECTION_REFUSED @ http://localhost:34115/wails/ipc.js:6
[  209786ms] [ERROR] Failed to load resource: net::ERR_CONNECTION_REFUSED @ http://localhost:34115/:0
[  210272ms] [ERROR] WebSocket connection to 'ws://localhost:34115/wails/ipc' failed: Error in connection establishment: net::ERR_CONNECTION_REFUSED @ http://localhost:34115/wails/ipc.js:6
[  210771ms] [ERROR] WebSocket connection to 'ws://localhost:34115/wails/ipc' failed: Error in connection establishment: net::ERR_CONNECTION_REFUSED @ http://localhost:34115/wails/ipc.js:6
[  210789ms] [ERROR] Failed to load resource: net::ERR_CONNECTION_REFUSED @ http://localhost:34115/:0
[  211271ms] [ERROR] WebSocket connection to 'ws://localhost:34115/wails/ipc' failed: Error in connection establishment: net::ERR_CONNECTION_REFUSED @ http://localhost:34115/wails/ipc.js:6
[  211771ms] [ERROR] WebSocket connection to 'ws://localhost:34115/wails/ipc' failed: Error in connection establishment: net::ERR_CONNECTION_REFUSED @ http://localhost:34115/wails/ipc.js:6
[  211790ms] [ERROR] Failed to load resource: net::ERR_CONNECTION_REFUSED @ http://localhost:34115/:0
[  212271ms] [ERROR] WebSocket connection to 'ws://localhost:34115/wails/ipc' failed: Error in connection establishment: net::ERR_CONNECTION_REFUSED @ http://localhost:34115/wails/ipc.js:6
[  212771ms] [ERROR] WebSocket connection to 'ws://localhost:34115/wails/ipc' failed: Error in connection establishment: net::ERR_CONNECTION_REFUSED @ http://localhost:34115/wails/ipc.js:6
[  212793ms] [ERROR] Failed to load resource: net::ERR_CONNECTION_REFUSED @ http://localhost:34115/:0
[  213272ms] [LOG] %c wails dev %c Connected to backend  background: #aa0000; color: #fff; border-radius: 3px 0px 0px 3px; padding: 1px; font-size: 0.7rem background: #009900; color: #fff; border-radius: 0px 3px 3px 0px; padding: 1px; font-size: 0.7rem @ http://localhost:34115/wails/ipc.js:0
[  213842ms] [LOG] Queueing: runtime:ready @ http://localhost:34115/wails/ipc.js:6
[  213843ms] [LOG] %c wails dev %c Connected to backend  background: #aa0000; color: #fff; border-radius: 3px 0px 0px 3px; padding: 1px; font-size: 0.7rem background: #009900; color: #fff; border-radius: 0px 3px 3px 0px; padding: 1px; font-size: 0.7rem @ http://localhost:34115/wails/ipc.js:0
[  213843ms] [LOG] sending queued message: runtime:ready @ http://localhost:34115/wails/ipc.js:6
