[     215ms] [ERROR] [HMR][Svelte] Unrecoverable HMR error in <App>: next update will trigger a full reload @ http://localhost:5173/node_modules/svelte-hmr/runtime/proxy.js?v=7ab5d1b3:14
[     216ms] TypeError: Cannot read properties of undefined (reading 'EventsOnMultiple')
    at EventsOnMultiple (http://localhost:5173/wailsjs/runtime/runtime.js?t=1775092212679:40:27)
    at EventsOn (http://localhost:5173/wailsjs/runtime/runtime.js?t=1775092212679:44:12)
    at instance (http://localhost:5173/src/App.svelte?t=1775092418593:434:2)
    at init (http://localhost:5173/node_modules/.vite/deps/chunk-2SWUXKJS.js?v=7ab5d1b3:1875:23)
    at new App (http://localhost:5173/src/App.svelte?t=1775092418593:562:3)
    at createProxiedComponent (http://localhost:5173/node_modules/svelte-hmr/runtime/svelte-hooks.js?v=7ab5d1b3:341:9)
    at new ProxyComponent (http://localhost:5173/node_modules/svelte-hmr/runtime/proxy.js?v=7ab5d1b3:242:7)
    at new Proxy<App> (http://localhost:5173/node_modules/svelte-hmr/runtime/proxy.js?v=7ab5d1b3:349:11)
    at http://localhost:5173/src/main.js:4:13
[     221ms] [ERROR] Failed to load resource: the server responded with a status of 404 (Not Found) @ http://localhost:5173/favicon.ico:0
[   21462ms] [LOG] [HMR:Svelte] Reload @ http://localhost:5173/node_modules/svelte-hmr/runtime/hot-api.js?v=7ab5d1b3:7
[   21655ms] [ERROR] [HMR][Svelte] Unrecoverable HMR error in <App>: next update will trigger a full reload @ http://localhost:5173/node_modules/svelte-hmr/runtime/proxy.js?v=7ab5d1b3:14
[   21656ms] TypeError: Cannot read properties of undefined (reading 'EventsOnMultiple')
    at EventsOnMultiple (http://localhost:5173/wailsjs/runtime/runtime.js?t=1775092212679:40:27)
    at EventsOn (http://localhost:5173/wailsjs/runtime/runtime.js?t=1775092212679:44:12)
    at instance (http://localhost:5173/src/App.svelte?t=1775092656243:434:2)
    at init (http://localhost:5173/node_modules/.vite/deps/chunk-2SWUXKJS.js?v=7ab5d1b3:1875:23)
    at new App (http://localhost:5173/src/App.svelte?t=1775092656243:562:3)
    at createProxiedComponent (http://localhost:5173/node_modules/svelte-hmr/runtime/svelte-hooks.js?v=7ab5d1b3:341:9)
    at new ProxyComponent (http://localhost:5173/node_modules/svelte-hmr/runtime/proxy.js?v=7ab5d1b3:242:7)
    at new Proxy<App> (http://localhost:5173/node_modules/svelte-hmr/runtime/proxy.js?v=7ab5d1b3:349:11)
    at http://localhost:5173/src/main.js:4:13
[   27401ms] [LOG] [HMR:Svelte] Reload @ http://localhost:5173/node_modules/svelte-hmr/runtime/hot-api.js?v=7ab5d1b3:7
[   27507ms] [ERROR] [HMR][Svelte] Unrecoverable HMR error in <App>: next update will trigger a full reload @ http://localhost:5173/node_modules/svelte-hmr/runtime/proxy.js?v=7ab5d1b3:14
[   27511ms] TypeError: Cannot read properties of undefined (reading 'EventsOnMultiple')
    at EventsOnMultiple (http://localhost:5173/wailsjs/runtime/runtime.js?t=1775092212679:40:27)
    at EventsOn (http://localhost:5173/wailsjs/runtime/runtime.js?t=1775092212679:44:12)
    at instance (http://localhost:5173/src/App.svelte?t=1775092662188:434:2)
    at init (http://localhost:5173/node_modules/.vite/deps/chunk-2SWUXKJS.js?v=7ab5d1b3:1875:23)
    at new App (http://localhost:5173/src/App.svelte?t=1775092662188:562:3)
    at createProxiedComponent (http://localhost:5173/node_modules/svelte-hmr/runtime/svelte-hooks.js?v=7ab5d1b3:341:9)
    at new ProxyComponent (http://localhost:5173/node_modules/svelte-hmr/runtime/proxy.js?v=7ab5d1b3:242:7)
    at new Proxy<App> (http://localhost:5173/node_modules/svelte-hmr/runtime/proxy.js?v=7ab5d1b3:349:11)
    at http://localhost:5173/src/main.js:4:13
[   34547ms] [LOG] [HMR:Svelte] Reload @ http://localhost:5173/node_modules/svelte-hmr/runtime/hot-api.js?v=7ab5d1b3:7
[   34710ms] [ERROR] [HMR][Svelte] Unrecoverable HMR error in <App>: next update will trigger a full reload @ http://localhost:5173/node_modules/svelte-hmr/runtime/proxy.js?v=7ab5d1b3:14
[   34713ms] TypeError: Cannot read properties of undefined (reading 'EventsOnMultiple')
    at EventsOnMultiple (http://localhost:5173/wailsjs/runtime/runtime.js?t=1775092212679:40:27)
    at EventsOn (http://localhost:5173/wailsjs/runtime/runtime.js?t=1775092212679:44:12)
    at instance (http://localhost:5173/src/App.svelte?t=1775092669332:434:2)
    at init (http://localhost:5173/node_modules/.vite/deps/chunk-2SWUXKJS.js?v=7ab5d1b3:1875:23)
    at new App (http://localhost:5173/src/App.svelte?t=1775092669332:562:3)
    at createProxiedComponent (http://localhost:5173/node_modules/svelte-hmr/runtime/svelte-hooks.js?v=7ab5d1b3:341:9)
    at new ProxyComponent (http://localhost:5173/node_modules/svelte-hmr/runtime/proxy.js?v=7ab5d1b3:242:7)
    at new Proxy<App> (http://localhost:5173/node_modules/svelte-hmr/runtime/proxy.js?v=7ab5d1b3:349:11)
    at http://localhost:5173/src/main.js:4:13
[   41616ms] [LOG] [HMR:Svelte] Reload @ http://localhost:5173/node_modules/svelte-hmr/runtime/hot-api.js?v=7ab5d1b3:7
[   41725ms] [ERROR] [HMR][Svelte] Unrecoverable HMR error in <App>: next update will trigger a full reload @ http://localhost:5173/node_modules/svelte-hmr/runtime/proxy.js?v=7ab5d1b3:14
[   41731ms] TypeError: Cannot read properties of undefined (reading 'EventsOnMultiple')
    at EventsOnMultiple (http://localhost:5173/wailsjs/runtime/runtime.js?t=1775092212679:40:27)
    at EventsOn (http://localhost:5173/wailsjs/runtime/runtime.js?t=1775092212679:44:12)
    at instance (http://localhost:5173/src/App.svelte?t=1775092676403:434:2)
    at init (http://localhost:5173/node_modules/.vite/deps/chunk-2SWUXKJS.js?v=7ab5d1b3:1875:23)
    at new App (http://localhost:5173/src/App.svelte?t=1775092676403:562:3)
    at createProxiedComponent (http://localhost:5173/node_modules/svelte-hmr/runtime/svelte-hooks.js?v=7ab5d1b3:341:9)
    at new ProxyComponent (http://localhost:5173/node_modules/svelte-hmr/runtime/proxy.js?v=7ab5d1b3:242:7)
    at new Proxy<App> (http://localhost:5173/node_modules/svelte-hmr/runtime/proxy.js?v=7ab5d1b3:349:11)
    at http://localhost:5173/src/main.js:4:13
[   46645ms] [LOG] [HMR:Svelte] Reload @ http://localhost:5173/node_modules/svelte-hmr/runtime/hot-api.js?v=7ab5d1b3:7
[   46753ms] [ERROR] [HMR][Svelte] Unrecoverable HMR error in <App>: next update will trigger a full reload @ http://localhost:5173/node_modules/svelte-hmr/runtime/proxy.js?v=7ab5d1b3:14
[   46761ms] TypeError: Cannot read properties of undefined (reading 'EventsOnMultiple')
    at EventsOnMultiple (http://localhost:5173/wailsjs/runtime/runtime.js?t=1775092212679:40:27)
    at EventsOn (http://localhost:5173/wailsjs/runtime/runtime.js?t=1775092212679:44:12)
    at instance (http://localhost:5173/src/App.svelte?t=1775092681432:434:2)
    at init (http://localhost:5173/node_modules/.vite/deps/chunk-2SWUXKJS.js?v=7ab5d1b3:1875:23)
    at new App (http://localhost:5173/src/App.svelte?t=1775092681432:562:3)
    at createProxiedComponent (http://localhost:5173/node_modules/svelte-hmr/runtime/svelte-hooks.js?v=7ab5d1b3:341:9)
    at new ProxyComponent (http://localhost:5173/node_modules/svelte-hmr/runtime/proxy.js?v=7ab5d1b3:242:7)
    at new Proxy<App> (http://localhost:5173/node_modules/svelte-hmr/runtime/proxy.js?v=7ab5d1b3:349:11)
    at http://localhost:5173/src/main.js:4:13
[   53358ms] [LOG] [HMR:Svelte] Reload @ http://localhost:5173/node_modules/svelte-hmr/runtime/hot-api.js?v=7ab5d1b3:7
[   53459ms] [ERROR] [HMR][Svelte] Unrecoverable HMR error in <App>: next update will trigger a full reload @ http://localhost:5173/node_modules/svelte-hmr/runtime/proxy.js?v=7ab5d1b3:14
[   53461ms] TypeError: Cannot read properties of undefined (reading 'EventsOnMultiple')
    at EventsOnMultiple (http://localhost:5173/wailsjs/runtime/runtime.js?t=1775092212679:40:27)
    at EventsOn (http://localhost:5173/wailsjs/runtime/runtime.js?t=1775092212679:44:12)
    at instance (http://localhost:5173/src/App.svelte?t=1775092688146:434:2)
    at init (http://localhost:5173/node_modules/.vite/deps/chunk-2SWUXKJS.js?v=7ab5d1b3:1875:23)
    at new App (http://localhost:5173/src/App.svelte?t=1775092688146:562:3)
    at createProxiedComponent (http://localhost:5173/node_modules/svelte-hmr/runtime/svelte-hooks.js?v=7ab5d1b3:341:9)
    at new ProxyComponent (http://localhost:5173/node_modules/svelte-hmr/runtime/proxy.js?v=7ab5d1b3:242:7)
    at new Proxy<App> (http://localhost:5173/node_modules/svelte-hmr/runtime/proxy.js?v=7ab5d1b3:349:11)
    at http://localhost:5173/src/main.js:4:13
[  169203ms] [LOG] [HMR:Svelte] Reload @ http://localhost:5173/node_modules/svelte-hmr/runtime/hot-api.js?v=7ab5d1b3:7
[  169457ms] [ERROR] [HMR][Svelte] Unrecoverable HMR error in <App>: next update will trigger a full reload @ http://localhost:5173/node_modules/svelte-hmr/runtime/proxy.js?v=7ab5d1b3:14
[  169461ms] TypeError: Cannot read properties of undefined (reading 'EventsOnMultiple')
    at EventsOnMultiple (http://localhost:5173/wailsjs/runtime/runtime.js?t=1775092212679:40:27)
    at EventsOn (http://localhost:5173/wailsjs/runtime/runtime.js?t=1775092212679:44:12)
    at instance (http://localhost:5173/src/App.svelte?t=1775092803869:434:2)
    at init (http://localhost:5173/node_modules/.vite/deps/chunk-2SWUXKJS.js?v=7ab5d1b3:1875:23)
    at new App (http://localhost:5173/src/App.svelte?t=1775092803869:562:3)
    at createProxiedComponent (http://localhost:5173/node_modules/svelte-hmr/runtime/svelte-hooks.js?v=7ab5d1b3:341:9)
    at new ProxyComponent (http://localhost:5173/node_modules/svelte-hmr/runtime/proxy.js?v=7ab5d1b3:242:7)
    at new Proxy<App> (http://localhost:5173/node_modules/svelte-hmr/runtime/proxy.js?v=7ab5d1b3:349:11)
    at http://localhost:5173/src/main.js:4:13
[  177337ms] [LOG] [HMR:Svelte] Reload @ http://localhost:5173/node_modules/svelte-hmr/runtime/hot-api.js?v=7ab5d1b3:7
[  177507ms] [ERROR] [HMR][Svelte] Unrecoverable HMR error in <App>: next update will trigger a full reload @ http://localhost:5173/node_modules/svelte-hmr/runtime/proxy.js?v=7ab5d1b3:14
[  177515ms] TypeError: Cannot read properties of undefined (reading 'EventsOnMultiple')
    at EventsOnMultiple (http://localhost:5173/wailsjs/runtime/runtime.js?t=1775092212679:40:27)
    at EventsOn (http://localhost:5173/wailsjs/runtime/runtime.js?t=1775092212679:44:12)
    at instance (http://localhost:5173/src/App.svelte?t=1775092812074:434:2)
    at init (http://localhost:5173/node_modules/.vite/deps/chunk-2SWUXKJS.js?v=7ab5d1b3:1875:23)
    at new App (http://localhost:5173/src/App.svelte?t=1775092812074:562:3)
    at createProxiedComponent (http://localhost:5173/node_modules/svelte-hmr/runtime/svelte-hooks.js?v=7ab5d1b3:341:9)
    at new ProxyComponent (http://localhost:5173/node_modules/svelte-hmr/runtime/proxy.js?v=7ab5d1b3:242:7)
    at new Proxy<App> (http://localhost:5173/node_modules/svelte-hmr/runtime/proxy.js?v=7ab5d1b3:349:11)
    at http://localhost:5173/src/main.js:4:13
[  185797ms] [LOG] [HMR:Svelte] Reload @ http://localhost:5173/node_modules/svelte-hmr/runtime/hot-api.js?v=7ab5d1b3:7
[  185994ms] [ERROR] [HMR][Svelte] Unrecoverable HMR error in <App>: next update will trigger a full reload @ http://localhost:5173/node_modules/svelte-hmr/runtime/proxy.js?v=7ab5d1b3:14
[  185999ms] TypeError: Cannot read properties of undefined (reading 'EventsOnMultiple')
    at EventsOnMultiple (http://localhost:5173/wailsjs/runtime/runtime.js?t=1775092212679:40:27)
    at EventsOn (http://localhost:5173/wailsjs/runtime/runtime.js?t=1775092212679:44:12)
    at instance (http://localhost:5173/src/App.svelte?t=1775092820588:434:2)
    at init (http://localhost:5173/node_modules/.vite/deps/chunk-2SWUXKJS.js?v=7ab5d1b3:1875:23)
    at new App (http://localhost:5173/src/App.svelte?t=1775092820588:562:3)
    at createProxiedComponent (http://localhost:5173/node_modules/svelte-hmr/runtime/svelte-hooks.js?v=7ab5d1b3:341:9)
    at new ProxyComponent (http://localhost:5173/node_modules/svelte-hmr/runtime/proxy.js?v=7ab5d1b3:242:7)
    at new Proxy<App> (http://localhost:5173/node_modules/svelte-hmr/runtime/proxy.js?v=7ab5d1b3:349:11)
    at http://localhost:5173/src/main.js:4:13
[  203923ms] [LOG] [HMR:Svelte] Reload @ http://localhost:5173/node_modules/svelte-hmr/runtime/hot-api.js?v=7ab5d1b3:7
[  204100ms] [ERROR] [HMR][Svelte] Unrecoverable HMR error in <App>: next update will trigger a full reload @ http://localhost:5173/node_modules/svelte-hmr/runtime/proxy.js?v=7ab5d1b3:14
[  204102ms] TypeError: Cannot read properties of undefined (reading 'EventsOnMultiple')
    at EventsOnMultiple (http://localhost:5173/wailsjs/runtime/runtime.js?t=1775092212679:40:27)
    at EventsOn (http://localhost:5173/wailsjs/runtime/runtime.js?t=1775092212679:44:12)
    at instance (http://localhost:5173/src/App.svelte?t=1775092838614:434:2)
    at init (http://localhost:5173/node_modules/.vite/deps/chunk-2SWUXKJS.js?v=7ab5d1b3:1875:23)
    at new App (http://localhost:5173/src/App.svelte?t=1775092838614:562:3)
    at createProxiedComponent (http://localhost:5173/node_modules/svelte-hmr/runtime/svelte-hooks.js?v=7ab5d1b3:341:9)
    at new ProxyComponent (http://localhost:5173/node_modules/svelte-hmr/runtime/proxy.js?v=7ab5d1b3:242:7)
    at new Proxy<App> (http://localhost:5173/node_modules/svelte-hmr/runtime/proxy.js?v=7ab5d1b3:349:11)
    at http://localhost:5173/src/main.js:4:13
[  268620ms] [ERROR] [HMR][Svelte] Unrecoverable HMR error in <App>: next update will trigger a full reload @ http://localhost:5173/node_modules/svelte-hmr/runtime/proxy.js?v=7ab5d1b3:14
[  268622ms] TypeError: Cannot read properties of undefined (reading 'EventsOnMultiple')
    at EventsOnMultiple (http://localhost:5173/wailsjs/runtime/runtime.js?t=1775092212679:40:27)
    at EventsOn (http://localhost:5173/wailsjs/runtime/runtime.js?t=1775092212679:44:12)
    at instance (http://localhost:5173/src/App.svelte?t=1775092838614:434:2)
    at init (http://localhost:5173/node_modules/.vite/deps/chunk-2SWUXKJS.js?v=7ab5d1b3:1875:23)
    at new App (http://localhost:5173/src/App.svelte?t=1775092838614:562:3)
    at createProxiedComponent (http://localhost:5173/node_modules/svelte-hmr/runtime/svelte-hooks.js?v=7ab5d1b3:341:9)
    at new ProxyComponent (http://localhost:5173/node_modules/svelte-hmr/runtime/proxy.js?v=7ab5d1b3:242:7)
    at new Proxy<App> (http://localhost:5173/node_modules/svelte-hmr/runtime/proxy.js?v=7ab5d1b3:349:11)
    at http://localhost:5173/src/main.js:4:13
